Feb  3 13:41:38 studentrd chronyd[817]: Selected source 193.29.63.150
Feb  3 13:54:08 studentrd systemd: Removed slice User Slice of root.
Feb  3 14:01:01 studentrd systemd: Created slice User Slice of root.
Feb  3 14:01:01 studentrd systemd: Started Session 3 of user root.
Feb  3 14:01:01 studentrd systemd: Removed slice User Slice of root.
Feb  3 14:11:50 studentrd systemd: Created slice User Slice of root.
Feb  3 14:11:50 studentrd systemd: Started Session 4 of user root.
Feb  3 14:11:50 studentrd systemd-logind: New session 4 of user root.
Feb  3 14:23:03 studentrd systemd-logind: New session 5 of user root.
Feb  3 14:23:03 studentrd systemd: Started Session 5 of user root.
Feb  3 14:55:38 studentrd yum[7153]: Installed: 1:bash-completion-2.1-6.el7.noarch
Feb  3 14:57:49 studentrd systemd-logind: Removed session 4.
Feb  3 14:57:54 studentrd systemd: Started Session 6 of user root.
Feb  3 14:57:54 studentrd systemd-logind: New session 6 of user root.
Feb  3 14:58:16 studentrd systemd: Got automount request for /proc/sys/fs/binfmt_misc, triggered by 7295 (find)
Feb  3 14:58:16 studentrd systemd: Mounting Arbitrary Executable File Formats File System...
Feb  3 14:58:16 studentrd systemd: Mounted Arbitrary Executable File Formats File System.
Feb  3 15:00:21 studentrd systemd-logind: Removed session 6.
Feb  3 15:00:27 studentrd systemd: Started Session 7 of user root.
Feb  3 15:00:27 studentrd systemd-logind: New session 7 of user root.
Feb  3 15:01:01 studentrd systemd: Started Session 8 of user root.
Feb  3 15:40:38 studentrd kernel: hv_utils: Shutdown request received - graceful shutdown initiated
Feb  4 12:33:44 studentrd kernel: Initializing cgroup subsys cpuset
Feb  4 12:33:44 studentrd kernel: Initializing cgroup subsys cpu
Feb  4 12:33:44 studentrd kernel: Initializing cgroup subsys cpuacct
Feb  4 12:33:44 studentrd kernel: Linux version 3.10.0-1062.7.1.el7.x86_64 (mockbuild@kbuilder.bsys.centos.org) (gcc version 4.8.5 20150623 (Red Hat 4.8.5-39) (GCC) ) #1 SMP Mon Dec 2 17:33:29 UTC 2019
Feb  4 12:33:44 studentrd kernel: Command line: BOOT_IMAGE=/vmlinuz-3.10.0-1062.7.1.el7.x86_64 root=UUID=39954a57-6fda-4070-9d38-d86ff2deebe3 ro rootdelay=300 console=ttyS0 earlyprintk=ttyS0 net.ifnames=0 LANG=en_US.UTF-8
Feb  4 12:33:44 studentrd kernel: e820: BIOS-provided physical RAM map:
Feb  4 12:33:44 studentrd kernel: BIOS-e820: [mem 0x0000000000000000-0x000000000009fbff] usable
Feb  4 12:33:44 studentrd kernel: BIOS-e820: [mem 0x000000000009fc00-0x000000000009ffff] reserved
Feb  4 12:33:44 studentrd kernel: BIOS-e820: [mem 0x00000000000e0000-0x00000000000fffff] reserved
Feb  4 12:33:44 studentrd kernel: BIOS-e820: [mem 0x0000000000100000-0x000000003ffeffff] usable
Feb  4 12:33:44 studentrd kernel: BIOS-e820: [mem 0x000000003fff0000-0x000000003fffefff] ACPI data
Feb  4 12:33:44 studentrd kernel: BIOS-e820: [mem 0x000000003ffff000-0x000000003fffffff] ACPI NVS
Feb  4 12:33:44 studentrd kernel: BIOS-e820: [mem 0x0000000100000000-0x00000002bfffffff] usable
Feb  4 12:33:44 studentrd kernel: bootconsole [earlyser0] enabled
Feb  4 12:33:44 studentrd kernel: NX (Execute Disable) protection: active
Feb  4 12:33:44 studentrd kernel: SMBIOS 2.3 present.
Feb  4 12:33:44 studentrd kernel: DMI: Microsoft Corporation Virtual Machine/Virtual Machine, BIOS 090007  06/02/2017
Feb  4 12:33:44 studentrd kernel: Hypervisor detected: Microsoft HyperV
Feb  4 12:33:44 studentrd kernel: HyperV: features 0x2e7f, hints 0x44c2c
Feb  4 12:33:44 studentrd kernel: Hyper-V Host Build:14393-10.0-0-0.305
Feb  4 12:33:44 studentrd kernel: HyperV: LAPIC Timer Frequency: 0x30d40
Feb  4 12:33:44 studentrd kernel: tsc: Marking TSC unstable due to running on Hyper-V
Feb  4 12:33:44 studentrd kernel: Hyper-V: Using ext hypercall for remote TLB flush
Feb  4 12:33:44 studentrd kernel: e820: last_pfn = 0x2c0000 max_arch_pfn = 0x400000000
Feb  4 12:33:44 studentrd kernel: PAT configuration [0-7]: WB  WC  UC- UC  WB  WP  UC- UC  
Feb  4 12:33:44 studentrd kernel: e820: last_pfn = 0x3fff0 max_arch_pfn = 0x400000000
Feb  4 12:33:44 studentrd kernel: found SMP MP-table at [mem 0x000ff780-0x000ff78f] mapped at [ffffffffff200780]
Feb  4 12:33:44 studentrd kernel: Using GB pages for direct mapping
Feb  4 12:33:44 studentrd kernel: RAMDISK: [mem 0x35dfe000-0x36ef6fff]
Feb  4 12:33:44 studentrd kernel: Early table checksum verification disabled
Feb  4 12:33:44 studentrd kernel: ACPI: RSDP 00000000000f5bf0 00014 (v00 ACPIAM)
Feb  4 12:33:44 studentrd kernel: ACPI: RSDT 000000003fff0000 00040 (v01 VRTUAL MICROSFT 06001702 MSFT 00000097)
Feb  4 12:33:44 studentrd kernel: ACPI: FACP 000000003fff0200 00081 (v02 VRTUAL MICROSFT 06001702 MSFT 00000097)
Feb  4 12:33:44 studentrd kernel: ACPI: DSDT 000000003fff1d24 03CBE (v01 MSFTVM MSFTVM02 00000002 INTL 02002026)
Feb  4 12:33:44 studentrd kernel: ACPI: FACS 000000003ffff000 00040
Feb  4 12:33:44 studentrd kernel: ACPI: WAET 000000003fff1a80 00028 (v01 VRTUAL MICROSFT 06001702 MSFT 00000097)
Feb  4 12:33:44 studentrd kernel: ACPI: SLIC 000000003fff1ac0 00176 (v01 VRTUAL MICROSFT 06001702 MSFT 00000097)
Feb  4 12:33:44 studentrd kernel: ACPI: OEM0 000000003fff1cc0 00064 (v01 VRTUAL MICROSFT 06001702 MSFT 00000097)
Feb  4 12:33:44 studentrd kernel: ACPI: SRAT 000000003fff0800 00140 (v02 VRTUAL MICROSFT 00000001 MSFT 00000001)
Feb  4 12:33:44 studentrd kernel: ACPI: APIC 000000003fff0300 00452 (v01 VRTUAL MICROSFT 06001702 MSFT 00000097)
Feb  4 12:33:44 studentrd kernel: ACPI: OEMB 000000003ffff040 00064 (v01 VRTUAL MICROSFT 06001702 MSFT 00000097)
Feb  4 12:33:44 studentrd kernel: SRAT: PXM 0 -> APIC 0x00 -> Node 0
Feb  4 12:33:44 studentrd kernel: SRAT: PXM 0 -> APIC 0x01 -> Node 0
Feb  4 12:33:44 studentrd kernel: SRAT: Node 0 PXM 0 [mem 0x00000000-0x3fffffff] hotplug
Feb  4 12:33:44 studentrd kernel: SRAT: Node 0 PXM 0 [mem 0x100000000-0x2bfffffff] hotplug
Feb  4 12:33:44 studentrd kernel: SRAT: Node 0 PXM 0 [mem 0x2c0200000-0xfdfffffff] hotplug
Feb  4 12:33:44 studentrd kernel: SRAT: Node 0 PXM 0 [mem 0x1000000000-0xffffffffff] hotplug
Feb  4 12:33:44 studentrd kernel: SRAT: Node 0 PXM 0 [mem 0x10000200000-0x1ffffffffff] hotplug
Feb  4 12:33:44 studentrd kernel: SRAT: Node 0 PXM 0 [mem 0x20000200000-0x3ffffffffff] hotplug
Feb  4 12:33:44 studentrd kernel: NUMA: Node 0 [mem 0x00000000-0x3fffffff] + [mem 0x100000000-0x2bfffffff] -> [mem 0x00000000-0x2bfffffff]
Feb  4 12:33:44 studentrd kernel: NODE_DATA(0) allocated [mem 0x2bffd9000-0x2bfffffff]
Feb  4 12:33:44 studentrd kernel: Zone ranges:
Feb  4 12:33:44 studentrd kernel:  DMA      [mem 0x00001000-0x00ffffff]
Feb  4 12:33:44 studentrd kernel:  DMA32    [mem 0x01000000-0xffffffff]
Feb  4 12:33:44 studentrd kernel:  Normal   [mem 0x100000000-0x2bfffffff]
Feb  4 12:33:44 studentrd kernel: Movable zone start for each node
Feb  4 12:33:44 studentrd kernel: Early memory node ranges
Feb  4 12:33:44 studentrd kernel:  node   0: [mem 0x00001000-0x0009efff]
Feb  4 12:33:44 studentrd kernel:  node   0: [mem 0x00100000-0x3ffeffff]
Feb  4 12:33:44 studentrd kernel:  node   0: [mem 0x100000000-0x2bfffffff]
Feb  4 12:33:44 studentrd kernel: Initmem setup node 0 [mem 0x00001000-0x2bfffffff]
Feb  4 12:33:44 studentrd kernel: ACPI: PM-Timer IO Port: 0x408
Feb  4 12:33:44 studentrd kernel: ACPI: LAPIC (acpi_id[0x01] lapic_id[0x00] enabled)
Feb  4 12:33:44 studentrd kernel: ACPI: LAPIC (acpi_id[0x02] lapic_id[0x01] enabled)
Feb  4 12:33:44 studentrd kernel: ACPI: LAPIC (acpi_id[0x03] lapic_id[0x02] disabled)
Feb  4 12:33:44 studentrd kernel: ACPI: LAPIC (acpi_id[0x04] lapic_id[0x03] disabled)
Feb  4 12:33:44 studentrd kernel: ACPI: LAPIC (acpi_id[0x05] lapic_id[0x04] disabled)
Feb  4 12:33:44 studentrd kernel: ACPI: LAPIC (acpi_id[0x06] lapic_id[0x05] disabled)
Feb  4 12:33:44 studentrd kernel: ACPI: LAPIC (acpi_id[0x07] lapic_id[0x06] disabled)
Feb  4 12:33:44 studentrd kernel: ACPI: LAPIC (acpi_id[0x08] lapic_id[0x07] disabled)
Feb  4 12:33:44 studentrd kernel: ACPI: LAPIC (acpi_id[0x09] lapic_id[0x08] disabled)
Feb  4 12:33:44 studentrd kernel: ACPI: LAPIC (acpi_id[0x0a] lapic_id[0x09] disabled)
Feb  4 12:33:44 studentrd kernel: ACPI: LAPIC (acpi_id[0x0b] lapic_id[0x0a] disabled)
Feb  4 12:33:44 studentrd kernel: ACPI: LAPIC (acpi_id[0x0c] lapic_id[0x0b] disabled)
Feb  4 12:33:44 studentrd kernel: ACPI: LAPIC (acpi_id[0x0d] lapic_id[0x0c] disabled)
Feb  4 12:33:44 studentrd kernel: ACPI: LAPIC (acpi_id[0x0e] lapic_id[0x0d] disabled)
Feb  4 12:33:44 studentrd kernel: ACPI: LAPIC (acpi_id[0x0f] lapic_id[0x0e] disabled)
Feb  4 12:33:44 studentrd kernel: ACPI: LAPIC (acpi_id[0x10] lapic_id[0x0f] disabled)
Feb  4 12:33:44 studentrd kernel: ACPI: LAPIC (acpi_id[0x11] lapic_id[0x10] disabled)
Feb  4 12:33:44 studentrd kernel: ACPI: LAPIC (acpi_id[0x12] lapic_id[0x11] disabled)
Feb  4 12:33:44 studentrd kernel: ACPI: LAPIC (acpi_id[0x13] lapic_id[0x12] disabled)
Feb  4 12:33:44 studentrd kernel: ACPI: LAPIC (acpi_id[0x14] lapic_id[0x13] disabled)
Feb  4 12:33:44 studentrd kernel: ACPI: LAPIC (acpi_id[0x15] lapic_id[0x14] disabled)
Feb  4 12:33:44 studentrd kernel: ACPI: LAPIC (acpi_id[0x16] lapic_id[0x15] disabled)
Feb  4 12:33:44 studentrd kernel: ACPI: LAPIC (acpi_id[0x17] lapic_id[0x16] disabled)
Feb  4 12:33:44 studentrd kernel: ACPI: LAPIC (acpi_id[0x18] lapic_id[0x17] disabled)
Feb  4 12:33:44 studentrd kernel: ACPI: LAPIC (acpi_id[0x19] lapic_id[0x18] disabled)
Feb  4 12:33:44 studentrd kernel: ACPI: LAPIC (acpi_id[0x1a] lapic_id[0x19] disabled)
Feb  4 12:33:44 studentrd kernel: ACPI: LAPIC (acpi_id[0x1b] lapic_id[0x1a] disabled)
Feb  4 12:33:44 studentrd kernel: ACPI: LAPIC (acpi_id[0x1c] lapic_id[0x1b] disabled)
Feb  4 12:33:44 studentrd kernel: ACPI: LAPIC (acpi_id[0x1d] lapic_id[0x1c] disabled)
Feb  4 12:33:44 studentrd kernel: ACPI: LAPIC (acpi_id[0x1e] lapic_id[0x1d] disabled)
Feb  4 12:33:44 studentrd kernel: ACPI: LAPIC (acpi_id[0x1f] lapic_id[0x1e] disabled)
Feb  4 12:33:44 studentrd kernel: ACPI: LAPIC (acpi_id[0x20] lapic_id[0x1f] disabled)
Feb  4 12:33:44 studentrd kernel: ACPI: LAPIC (acpi_id[0x21] lapic_id[0x20] disabled)
Feb  4 12:33:44 studentrd kernel: ACPI: LAPIC (acpi_id[0x22] lapic_id[0x21] disabled)
Feb  4 12:33:44 studentrd kernel: ACPI: LAPIC (acpi_id[0x23] lapic_id[0x22] disabled)
Feb  4 12:33:44 studentrd kernel: ACPI: LAPIC (acpi_id[0x24] lapic_id[0x23] disabled)
Feb  4 12:33:44 studentrd kernel: ACPI: LAPIC (acpi_id[0x25] lapic_id[0x24] disabled)
Feb  4 12:33:44 studentrd kernel: ACPI: LAPIC (acpi_id[0x26] lapic_id[0x25] disabled)
Feb  4 12:33:44 studentrd kernel: ACPI: LAPIC (acpi_id[0x27] lapic_id[0x26] disabled)
Feb  4 12:33:44 studentrd kernel: ACPI: LAPIC (acpi_id[0x28] lapic_id[0x27] disabled)
Feb  4 12:33:44 studentrd kernel: ACPI: LAPIC (acpi_id[0x29] lapic_id[0x28] disabled)
Feb  4 12:33:44 studentrd kernel: ACPI: LAPIC (acpi_id[0x2a] lapic_id[0x29] disabled)
Feb  4 12:33:44 studentrd kernel: ACPI: LAPIC (acpi_id[0x2b] lapic_id[0x2a] disabled)
Feb  4 12:33:44 studentrd kernel: ACPI: LAPIC (acpi_id[0x2c] lapic_id[0x2b] disabled)
Feb  4 12:33:44 studentrd kernel: ACPI: LAPIC (acpi_id[0x2d] lapic_id[0x2c] disabled)
Feb  4 12:33:44 studentrd kernel: ACPI: LAPIC (acpi_id[0x2e] lapic_id[0x2d] disabled)
Feb  4 12:33:44 studentrd kernel: ACPI: LAPIC (acpi_id[0x2f] lapic_id[0x2e] disabled)
Feb  4 12:33:44 studentrd kernel: ACPI: LAPIC (acpi_id[0x30] lapic_id[0x2f] disabled)
Feb  4 12:33:44 studentrd kernel: ACPI: LAPIC (acpi_id[0x31] lapic_id[0x30] disabled)
Feb  4 12:33:44 studentrd kernel: ACPI: LAPIC (acpi_id[0x32] lapic_id[0x31] disabled)
Feb  4 12:33:44 studentrd kernel: ACPI: LAPIC (acpi_id[0x33] lapic_id[0x32] disabled)
Feb  4 12:33:44 studentrd kernel: ACPI: LAPIC (acpi_id[0x34] lapic_id[0x33] disabled)
Feb  4 12:33:44 studentrd kernel: ACPI: LAPIC (acpi_id[0x35] lapic_id[0x34] disabled)
Feb  4 12:33:44 studentrd kernel: ACPI: LAPIC (acpi_id[0x36] lapic_id[0x35] disabled)
Feb  4 12:33:44 studentrd kernel: ACPI: LAPIC (acpi_id[0x37] lapic_id[0x36] disabled)
Feb  4 12:33:44 studentrd kernel: ACPI: LAPIC (acpi_id[0x38] lapic_id[0x37] disabled)
Feb  4 12:33:44 studentrd kernel: ACPI: LAPIC (acpi_id[0x39] lapic_id[0x38] disabled)
Feb  4 12:33:44 studentrd kernel: ACPI: LAPIC (acpi_id[0x3a] lapic_id[0x39] disabled)
Feb  4 12:33:44 studentrd kernel: ACPI: LAPIC (acpi_id[0x3b] lapic_id[0x3a] disabled)
Feb  4 12:33:44 studentrd kernel: ACPI: LAPIC (acpi_id[0x3c] lapic_id[0x3b] disabled)
Feb  4 12:33:44 studentrd kernel: ACPI: LAPIC (acpi_id[0x3d] lapic_id[0x3c] disabled)
Feb  4 12:33:44 studentrd kernel: ACPI: LAPIC (acpi_id[0x3e] lapic_id[0x3d] disabled)
Feb  4 12:33:44 studentrd kernel: ACPI: LAPIC (acpi_id[0x3f] lapic_id[0x3e] disabled)
Feb  4 12:33:44 studentrd kernel: ACPI: LAPIC (acpi_id[0x40] lapic_id[0x3f] disabled)
Feb  4 12:33:44 studentrd kernel: ACPI: LAPIC (acpi_id[0x41] lapic_id[0x40] disabled)
Feb  4 12:33:44 studentrd kernel: ACPI: LAPIC (acpi_id[0x42] lapic_id[0x41] disabled)
Feb  4 12:33:44 studentrd kernel: ACPI: LAPIC (acpi_id[0x43] lapic_id[0x42] disabled)
Feb  4 12:33:44 studentrd kernel: ACPI: LAPIC (acpi_id[0x44] lapic_id[0x43] disabled)
Feb  4 12:33:44 studentrd kernel: ACPI: LAPIC (acpi_id[0x45] lapic_id[0x44] disabled)
Feb  4 12:33:44 studentrd kernel: ACPI: LAPIC (acpi_id[0x46] lapic_id[0x45] disabled)
Feb  4 12:33:44 studentrd kernel: ACPI: LAPIC (acpi_id[0x47] lapic_id[0x46] disabled)
Feb  4 12:33:44 studentrd kernel: ACPI: LAPIC (acpi_id[0x48] lapic_id[0x47] disabled)
Feb  4 12:33:44 studentrd kernel: ACPI: LAPIC (acpi_id[0x49] lapic_id[0x48] disabled)
Feb  4 12:33:44 studentrd kernel: ACPI: LAPIC (acpi_id[0x4a] lapic_id[0x49] disabled)
Feb  4 12:33:44 studentrd kernel: ACPI: LAPIC (acpi_id[0x4b] lapic_id[0x4a] disabled)
Feb  4 12:33:44 studentrd kernel: ACPI: LAPIC (acpi_id[0x4c] lapic_id[0x4b] disabled)
Feb  4 12:33:44 studentrd kernel: ACPI: LAPIC (acpi_id[0x4d] lapic_id[0x4c] disabled)
Feb  4 12:33:44 studentrd kernel: ACPI: LAPIC (acpi_id[0x4e] lapic_id[0x4d] disabled)
Feb  4 12:33:44 studentrd kernel: ACPI: LAPIC (acpi_id[0x4f] lapic_id[0x4e] disabled)
Feb  4 12:33:44 studentrd kernel: ACPI: LAPIC (acpi_id[0x50] lapic_id[0x4f] disabled)
Feb  4 12:33:44 studentrd kernel: ACPI: LAPIC (acpi_id[0x51] lapic_id[0x50] disabled)
Feb  4 12:33:44 studentrd kernel: ACPI: LAPIC (acpi_id[0x52] lapic_id[0x51] disabled)
Feb  4 12:33:44 studentrd kernel: ACPI: LAPIC (acpi_id[0x53] lapic_id[0x52] disabled)
Feb  4 12:33:44 studentrd kernel: ACPI: LAPIC (acpi_id[0x54] lapic_id[0x53] disabled)
Feb  4 12:33:44 studentrd kernel: ACPI: LAPIC (acpi_id[0x55] lapic_id[0x54] disabled)
Feb  4 12:33:44 studentrd kernel: ACPI: LAPIC (acpi_id[0x56] lapic_id[0x55] disabled)
Feb  4 12:33:44 studentrd kernel: ACPI: LAPIC (acpi_id[0x57] lapic_id[0x56] disabled)
Feb  4 12:33:44 studentrd kernel: ACPI: LAPIC (acpi_id[0x58] lapic_id[0x57] disabled)
Feb  4 12:33:44 studentrd kernel: ACPI: LAPIC (acpi_id[0x59] lapic_id[0x58] disabled)
Feb  4 12:33:44 studentrd kernel: ACPI: LAPIC (acpi_id[0x5a] lapic_id[0x59] disabled)
Feb  4 12:33:44 studentrd kernel: ACPI: LAPIC (acpi_id[0x5b] lapic_id[0x5a] disabled)
Feb  4 12:33:44 studentrd kernel: ACPI: LAPIC (acpi_id[0x5c] lapic_id[0x5b] disabled)
Feb  4 12:33:44 studentrd kernel: ACPI: LAPIC (acpi_id[0x5d] lapic_id[0x5c] disabled)
Feb  4 12:33:44 studentrd kernel: ACPI: LAPIC (acpi_id[0x5e] lapic_id[0x5d] disabled)
Feb  4 12:33:44 studentrd kernel: ACPI: LAPIC (acpi_id[0x5f] lapic_id[0x5e] disabled)
Feb  4 12:33:44 studentrd kernel: ACPI: LAPIC (acpi_id[0x60] lapic_id[0x5f] disabled)
Feb  4 12:33:44 studentrd kernel: ACPI: LAPIC (acpi_id[0x61] lapic_id[0x60] disabled)
Feb  4 12:33:44 studentrd kernel: ACPI: LAPIC (acpi_id[0x62] lapic_id[0x61] disabled)
Feb  4 12:33:44 studentrd kernel: ACPI: LAPIC (acpi_id[0x63] lapic_id[0x62] disabled)
Feb  4 12:33:44 studentrd kernel: ACPI: LAPIC (acpi_id[0x64] lapic_id[0x63] disabled)
Feb  4 12:33:44 studentrd kernel: ACPI: LAPIC (acpi_id[0x65] lapic_id[0x64] disabled)
Feb  4 12:33:44 studentrd kernel: ACPI: LAPIC (acpi_id[0x66] lapic_id[0x65] disabled)
Feb  4 12:33:44 studentrd kernel: ACPI: LAPIC (acpi_id[0x67] lapic_id[0x66] disabled)
Feb  4 12:33:44 studentrd kernel: ACPI: LAPIC (acpi_id[0x68] lapic_id[0x67] disabled)
Feb  4 12:33:44 studentrd kernel: ACPI: LAPIC (acpi_id[0x69] lapic_id[0x68] disabled)
Feb  4 12:33:44 studentrd kernel: ACPI: LAPIC (acpi_id[0x6a] lapic_id[0x69] disabled)
Feb  4 12:33:44 studentrd kernel: ACPI: LAPIC (acpi_id[0x6b] lapic_id[0x6a] disabled)
Feb  4 12:33:44 studentrd kernel: ACPI: LAPIC (acpi_id[0x6c] lapic_id[0x6b] disabled)
Feb  4 12:33:44 studentrd kernel: ACPI: LAPIC (acpi_id[0x6d] lapic_id[0x6c] disabled)
Feb  4 12:33:44 studentrd kernel: ACPI: LAPIC (acpi_id[0x6e] lapic_id[0x6d] disabled)
Feb  4 12:33:44 studentrd kernel: ACPI: LAPIC (acpi_id[0x6f] lapic_id[0x6e] disabled)
Feb  4 12:33:44 studentrd kernel: ACPI: LAPIC (acpi_id[0x70] lapic_id[0x6f] disabled)
Feb  4 12:33:44 studentrd kernel: ACPI: LAPIC (acpi_id[0x71] lapic_id[0x70] disabled)
Feb  4 12:33:44 studentrd kernel: ACPI: LAPIC (acpi_id[0x72] lapic_id[0x71] disabled)
Feb  4 12:33:44 studentrd kernel: ACPI: LAPIC (acpi_id[0x73] lapic_id[0x72] disabled)
Feb  4 12:33:44 studentrd kernel: ACPI: LAPIC (acpi_id[0x74] lapic_id[0x73] disabled)
Feb  4 12:33:44 studentrd kernel: ACPI: LAPIC (acpi_id[0x75] lapic_id[0x74] disabled)
Feb  4 12:33:44 studentrd kernel: ACPI: LAPIC (acpi_id[0x76] lapic_id[0x75] disabled)
Feb  4 12:33:44 studentrd kernel: ACPI: LAPIC (acpi_id[0x77] lapic_id[0x76] disabled)
Feb  4 12:33:44 studentrd kernel: ACPI: LAPIC (acpi_id[0x78] lapic_id[0x77] disabled)
Feb  4 12:33:44 studentrd kernel: ACPI: LAPIC (acpi_id[0x79] lapic_id[0x78] disabled)
Feb  4 12:33:44 studentrd kernel: ACPI: LAPIC (acpi_id[0x7a] lapic_id[0x79] disabled)
Feb  4 12:33:44 studentrd kernel: ACPI: LAPIC (acpi_id[0x7b] lapic_id[0x7a] disabled)
Feb  4 12:33:44 studentrd kernel: ACPI: LAPIC (acpi_id[0x7c] lapic_id[0x7b] disabled)
Feb  4 12:33:44 studentrd kernel: ACPI: LAPIC (acpi_id[0x7d] lapic_id[0x7c] disabled)
Feb  4 12:33:44 studentrd kernel: ACPI: LAPIC (acpi_id[0x7e] lapic_id[0x7d] disabled)
Feb  4 12:33:44 studentrd kernel: ACPI: LAPIC (acpi_id[0x7f] lapic_id[0x7e] disabled)
Feb  4 12:33:44 studentrd kernel: ACPI: LAPIC (acpi_id[0x80] lapic_id[0x7f] disabled)
Feb  4 12:33:44 studentrd kernel: ACPI: LAPIC_NMI (acpi_id[0xff] dfl dfl lint[0x1])
Feb  4 12:33:44 studentrd kernel: ACPI: IOAPIC (id[0x00] address[0xfec00000] gsi_base[0])
Feb  4 12:33:44 studentrd kernel: IOAPIC[0]: apic_id 0, version 17, address 0xfec00000, GSI 0-23
Feb  4 12:33:44 studentrd kernel: ACPI: INT_SRC_OVR (bus 0 bus_irq 0 global_irq 2 dfl dfl)
Feb  4 12:33:44 studentrd kernel: ACPI: INT_SRC_OVR (bus 0 bus_irq 9 global_irq 9 high level)
Feb  4 12:33:44 studentrd kernel: Using ACPI (MADT) for SMP configuration information
Feb  4 12:33:44 studentrd kernel: smpboot: Allowing 128 CPUs, 126 hotplug CPUs
Feb  4 12:33:44 studentrd kernel: PM: Registered nosave memory: [mem 0x0009f000-0x0009ffff]
Feb  4 12:33:44 studentrd kernel: PM: Registered nosave memory: [mem 0x000a0000-0x000dffff]
Feb  4 12:33:44 studentrd kernel: PM: Registered nosave memory: [mem 0x000e0000-0x000fffff]
Feb  4 12:33:44 studentrd kernel: PM: Registered nosave memory: [mem 0x3fff0000-0x3fffefff]
Feb  4 12:33:44 studentrd kernel: PM: Registered nosave memory: [mem 0x3ffff000-0x3fffffff]
Feb  4 12:33:44 studentrd kernel: PM: Registered nosave memory: [mem 0x40000000-0xffffffff]
Feb  4 12:33:44 studentrd kernel: e820: [mem 0x40000000-0xffffffff] available for PCI devices
Feb  4 12:33:44 studentrd kernel: Booting paravirtualized kernel on bare hardware
Feb  4 12:33:44 studentrd kernel: setup_percpu: NR_CPUS:5120 nr_cpumask_bits:128 nr_cpu_ids:128 nr_node_ids:1
Feb  4 12:33:44 studentrd kernel: PERCPU: Embedded 38 pages/cpu @ffff9d9475600000 s118784 r8192 d28672 u262144
Feb  4 12:33:44 studentrd kernel: Built 1 zonelists in Zone order, mobility grouping on.  Total pages: 2064249
Feb  4 12:33:44 studentrd kernel: Policy zone: Normal
Feb  4 12:33:44 studentrd kernel: Kernel command line: BOOT_IMAGE=/vmlinuz-3.10.0-1062.7.1.el7.x86_64 root=UUID=39954a57-6fda-4070-9d38-d86ff2deebe3 ro rootdelay=300 console=ttyS0 earlyprintk=ttyS0 net.ifnames=0 LANG=en_US.UTF-8
Feb  4 12:33:44 studentrd kernel: PID hash table entries: 4096 (order: 3, 32768 bytes)
Feb  4 12:33:44 studentrd kernel: x86/fpu: xstate_offset[2]: 0240, xstate_sizes[2]: 0100
Feb  4 12:33:44 studentrd kernel: xsave: enabled xstate_bv 0x7, cntxt size 0x340 using standard form
Feb  4 12:33:44 studentrd kernel: Memory: 3062240k/11534336k available (7764k kernel code, 3146184k absent, 253388k reserved, 5967k data, 1980k init)
Feb  4 12:33:44 studentrd kernel: SLUB: HWalign=64, Order=0-3, MinObjects=0, CPUs=128, Nodes=1
Feb  4 12:33:44 studentrd kernel: x86/pti: Unmapping kernel while in userspace
Feb  4 12:33:44 studentrd kernel: Hierarchical RCU implementation.
Feb  4 12:33:44 studentrd kernel: #011RCU restricting CPUs from NR_CPUS=5120 to nr_cpu_ids=128.
Feb  4 12:33:44 studentrd kernel: NR_IRQS:327936 nr_irqs:1448 0
Feb  4 12:33:44 studentrd kernel: Console: colour VGA+ 80x25
Feb  4 12:33:44 studentrd kernel: console [ttyS0] enabled, bootconsole disabled
Feb  4 12:33:44 studentrd kernel: allocated 33554432 bytes of page_cgroup
Feb  4 12:33:44 studentrd kernel: please try 'cgroup_disable=memory' option if you don't want memory cgroups
Feb  4 12:33:44 studentrd kernel: tsc: Detected 2394.454 MHz processor
Feb  4 12:33:44 studentrd kernel: Calibrating delay loop (skipped), value calculated using timer frequency.. 4788.90 BogoMIPS (lpj=2394454)
Feb  4 12:33:44 studentrd kernel: pid_max: default: 131072 minimum: 1024
Feb  4 12:33:44 studentrd kernel: Security Framework initialized
Feb  4 12:33:44 studentrd kernel: SELinux:  Initializing.
Feb  4 12:33:44 studentrd kernel: Yama: becoming mindful.
Feb  4 12:33:44 studentrd kernel: Dentry cache hash table entries: 1048576 (order: 11, 8388608 bytes)
Feb  4 12:33:44 studentrd kernel: Inode-cache hash table entries: 524288 (order: 10, 4194304 bytes)
Feb  4 12:33:44 studentrd kernel: Mount-cache hash table entries: 16384 (order: 5, 131072 bytes)
Feb  4 12:33:44 studentrd kernel: Mountpoint-cache hash table entries: 16384 (order: 5, 131072 bytes)
Feb  4 12:33:44 studentrd kernel: Initializing cgroup subsys memory
Feb  4 12:33:44 studentrd kernel: Initializing cgroup subsys devices
Feb  4 12:33:44 studentrd kernel: Initializing cgroup subsys freezer
Feb  4 12:33:44 studentrd kernel: Initializing cgroup subsys net_cls
Feb  4 12:33:44 studentrd kernel: Initializing cgroup subsys blkio
Feb  4 12:33:44 studentrd kernel: Initializing cgroup subsys perf_event
Feb  4 12:33:44 studentrd kernel: Initializing cgroup subsys hugetlb
Feb  4 12:33:44 studentrd kernel: Initializing cgroup subsys pids
Feb  4 12:33:44 studentrd kernel: Initializing cgroup subsys net_prio
Feb  4 12:33:44 studentrd kernel: Last level iTLB entries: 4KB 0, 2MB 0, 4MB 0
Feb  4 12:33:44 studentrd kernel: Last level dTLB entries: 4KB 64, 2MB 0, 4MB 0
Feb  4 12:33:44 studentrd kernel: tlb_flushall_shift: 6
Feb  4 12:33:44 studentrd kernel: FEATURE SPEC_CTRL Not Present
Feb  4 12:33:44 studentrd kernel: FEATURE IBPB_SUPPORT Not Present
Feb  4 12:33:44 studentrd kernel: Spectre V1 : Mitigation: Load fences, usercopy/swapgs barriers and __user pointer sanitization
Feb  4 12:33:44 studentrd kernel: Spectre V2 : Vulnerable: Retpoline without IBPB
Feb  4 12:33:44 studentrd kernel: Speculative Store Bypass: Vulnerable
Feb  4 12:33:44 studentrd kernel: MDS: Mitigation: Clear CPU buffers
Feb  4 12:33:44 studentrd kernel: Freeing SMP alternatives: 28k freed
Feb  4 12:33:44 studentrd kernel: ACPI: Core revision 20130517
Feb  4 12:33:44 studentrd kernel: ACPI: All ACPI Tables successfully acquired
Feb  4 12:33:44 studentrd kernel: ftrace: allocating 29560 entries in 116 pages
Feb  4 12:33:44 studentrd kernel: Switched APIC routing to physical flat.
Feb  4 12:33:44 studentrd kernel: ..TIMER: vector=0x30 apic1=0 pin1=2 apic2=-1 pin2=-1
Feb  4 12:33:44 studentrd kernel: smpboot: CPU0: Intel(R) Xeon(R) CPU E5-2673 v3 @ 2.40GHz (fam: 06, model: 3f, stepping: 02)
Feb  4 12:33:44 studentrd kernel: Performance Events: unsupported p6 CPU model 63 no PMU driver, software events only.
Feb  4 12:33:44 studentrd kernel: NMI watchdog: disabled (cpu0): hardware events not enabled
Feb  4 12:33:44 studentrd kernel: NMI watchdog: Shutting down hard lockup detector on all cpus
Feb  4 12:33:44 studentrd kernel: smpboot: Booting Node   0, Processors  #1
Feb  4 12:33:44 studentrd kernel: Brought up 2 CPUs
Feb  4 12:33:44 studentrd kernel: smpboot: Max logical packages: 64
Feb  4 12:33:44 studentrd kernel: smpboot: Total of 2 processors activated (9577.81 BogoMIPS)
Feb  4 12:33:44 studentrd kernel: node 0 initialised, 1268129 pages in 23ms
Feb  4 12:33:44 studentrd kernel: devtmpfs: initialized
Feb  4 12:33:44 studentrd kernel: x86/mm: Memory block size: 128MB
Feb  4 12:33:44 studentrd kernel: EVM: security.selinux
Feb  4 12:33:44 studentrd kernel: EVM: security.ima
Feb  4 12:33:44 studentrd kernel: EVM: security.capability
Feb  4 12:33:44 studentrd kernel: PM: Registering ACPI NVS region [mem 0x3ffff000-0x3fffffff] (4096 bytes)
Feb  4 12:33:44 studentrd kernel: atomic64 test passed for x86-64 platform with CX8 and with SSE
Feb  4 12:33:44 studentrd kernel: pinctrl core: initialized pinctrl subsystem
Feb  4 12:33:44 studentrd kernel: RTC time: 20:33:43, date: 02/04/20
Feb  4 12:33:44 studentrd kernel: NET: Registered protocol family 16
Feb  4 12:33:44 studentrd kernel: ACPI: bus type PCI registered
Feb  4 12:33:44 studentrd kernel: acpiphp: ACPI Hot Plug PCI Controller Driver version: 0.5
Feb  4 12:33:44 studentrd kernel: PCI: Using configuration type 1 for base access
Feb  4 12:33:44 studentrd kernel: ACPI: Added _OSI(Module Device)
Feb  4 12:33:44 studentrd kernel: ACPI: Added _OSI(Processor Device)
Feb  4 12:33:44 studentrd kernel: ACPI: Added _OSI(3.0 _SCP Extensions)
Feb  4 12:33:44 studentrd kernel: ACPI: Added _OSI(Processor Aggregator Device)
Feb  4 12:33:44 studentrd kernel: ACPI: Added _OSI(Linux-Dell-Video)
Feb  4 12:33:44 studentrd kernel: ACPI: Interpreter enabled
Feb  4 12:33:44 studentrd kernel: ACPI: (supports S0 S5)
Feb  4 12:33:44 studentrd kernel: ACPI: Using IOAPIC for interrupt routing
Feb  4 12:33:44 studentrd kernel: PCI: Using host bridge windows from ACPI; if necessary, use "pci=nocrs" and report a bug
Feb  4 12:33:44 studentrd kernel: ACPI: Enabled 1 GPEs in block 00 to 0F
Feb  4 12:33:44 studentrd kernel: ACPI: PCI Root Bridge [PCI0] (domain 0000 [bus 00-ff])
Feb  4 12:33:44 studentrd kernel: acpi PNP0A03:00: _OSC: OS supports [ASPM ClockPM Segments MSI]
Feb  4 12:33:44 studentrd kernel: acpi PNP0A03:00: _OSC failed (AE_NOT_FOUND); disabling ASPM
Feb  4 12:33:44 studentrd kernel: acpi PNP0A03:00: fail to add MMCONFIG information, can't access extended PCI configuration space under this bridge.
Feb  4 12:33:44 studentrd kernel: PCI host bridge to bus 0000:00
Feb  4 12:33:44 studentrd kernel: pci_bus 0000:00: root bus resource [mem 0xfe0000000-0xfffffffff window]
Feb  4 12:33:44 studentrd kernel: pci_bus 0000:00: root bus resource [io  0x0000-0x0cf7 window]
Feb  4 12:33:44 studentrd kernel: pci_bus 0000:00: root bus resource [io  0x0d00-0xffff window]
Feb  4 12:33:44 studentrd kernel: pci_bus 0000:00: root bus resource [mem 0x000a0000-0x000bffff window]
Feb  4 12:33:44 studentrd kernel: pci_bus 0000:00: root bus resource [mem 0x40000000-0xfffbffff window]
Feb  4 12:33:44 studentrd kernel: pci_bus 0000:00: root bus resource [bus 00-ff]
Feb  4 12:33:44 studentrd kernel: pci 0000:00:07.1: legacy IDE quirk: reg 0x10: [io  0x01f0-0x01f7]
Feb  4 12:33:44 studentrd kernel: pci 0000:00:07.1: legacy IDE quirk: reg 0x14: [io  0x03f6]
Feb  4 12:33:44 studentrd kernel: pci 0000:00:07.1: legacy IDE quirk: reg 0x18: [io  0x0170-0x0177]
Feb  4 12:33:44 studentrd kernel: pci 0000:00:07.1: legacy IDE quirk: reg 0x1c: [io  0x0376]
Feb  4 12:33:44 studentrd kernel: * Found PM-Timer Bug on the chipset. Due to workarounds for a bug,#012* this clock source is slow. Consider trying other clock sources
Feb  4 12:33:44 studentrd kernel: pci 0000:00:07.3: quirk: [io  0x0400-0x043f] claimed by PIIX4 ACPI
Feb  4 12:33:44 studentrd kernel: ACPI: PCI Interrupt Link [LNKA] (IRQs 3 4 5 7 9 10 *11 12 14 15)
Feb  4 12:33:44 studentrd kernel: ACPI: PCI Interrupt Link [LNKB] (IRQs 3 4 5 7 9 10 11 12 14 15) *0, disabled.
Feb  4 12:33:44 studentrd kernel: ACPI: PCI Interrupt Link [LNKC] (IRQs 3 4 5 7 9 10 11 12 14 15) *0, disabled.
Feb  4 12:33:44 studentrd kernel: ACPI: PCI Interrupt Link [LNKD] (IRQs 3 4 5 7 9 10 11 12 14 15) *0, disabled.
Feb  4 12:33:44 studentrd kernel: vgaarb: device added: PCI:0000:00:08.0,decodes=io+mem,owns=io+mem,locks=none
Feb  4 12:33:44 studentrd kernel: vgaarb: loaded
Feb  4 12:33:44 studentrd kernel: vgaarb: bridge control possible 0000:00:08.0
Feb  4 12:33:44 studentrd kernel: SCSI subsystem initialized
Feb  4 12:33:44 studentrd kernel: ACPI: bus type USB registered
Feb  4 12:33:44 studentrd kernel: usbcore: registered new interface driver usbfs
Feb  4 12:33:44 studentrd kernel: usbcore: registered new interface driver hub
Feb  4 12:33:44 studentrd kernel: usbcore: registered new device driver usb
Feb  4 12:33:44 studentrd kernel: EDAC MC: Ver: 3.0.0
Feb  4 12:33:44 studentrd kernel: PCI: Using ACPI for IRQ routing
Feb  4 12:33:44 studentrd kernel: NetLabel: Initializing
Feb  4 12:33:44 studentrd kernel: NetLabel:  domain hash size = 128
Feb  4 12:33:44 studentrd kernel: NetLabel:  protocols = UNLABELED CIPSOv4
Feb  4 12:33:44 studentrd kernel: NetLabel:  unlabeled traffic allowed by default
Feb  4 12:33:44 studentrd kernel: amd_nb: Cannot enumerate AMD northbridges
Feb  4 12:33:44 studentrd kernel: Switched to clocksource hyperv_clocksource_tsc_page
Feb  4 12:33:44 studentrd kernel: pnp: PnP ACPI init
Feb  4 12:33:44 studentrd kernel: ACPI: bus type PNP registered
Feb  4 12:33:44 studentrd kernel: system 00:06: [io  0x01e0-0x01ef] has been reserved
Feb  4 12:33:44 studentrd kernel: system 00:06: [io  0x0160-0x016f] has been reserved
Feb  4 12:33:44 studentrd kernel: system 00:06: [io  0x0278-0x027f] has been reserved
Feb  4 12:33:44 studentrd kernel: system 00:06: [io  0x0378-0x037f] has been reserved
Feb  4 12:33:44 studentrd kernel: system 00:06: [io  0x0678-0x067f] has been reserved
Feb  4 12:33:44 studentrd kernel: system 00:06: [io  0x0778-0x077f] has been reserved
Feb  4 12:33:44 studentrd kernel: system 00:06: [io  0x04d0-0x04d1] has been reserved
Feb  4 12:33:44 studentrd kernel: system 00:07: [io  0x0400-0x043f] has been reserved
Feb  4 12:33:44 studentrd kernel: system 00:07: [io  0x0370-0x0371] has been reserved
Feb  4 12:33:44 studentrd kernel: system 00:07: [io  0x0440-0x044f] has been reserved
Feb  4 12:33:44 studentrd kernel: system 00:07: [mem 0xfec00000-0xfec00fff] could not be reserved
Feb  4 12:33:44 studentrd kernel: system 00:07: [mem 0xfee00000-0xfee00fff] has been reserved
Feb  4 12:33:44 studentrd kernel: system 00:08: [mem 0x00000000-0x0009ffff] could not be reserved
Feb  4 12:33:44 studentrd kernel: system 00:08: [mem 0x000c0000-0x000dffff] could not be reserved
Feb  4 12:33:44 studentrd kernel: system 00:08: [mem 0x000e0000-0x000fffff] could not be reserved
Feb  4 12:33:44 studentrd kernel: system 00:08: [mem 0x00100000-0x3fffffff] could not be reserved
Feb  4 12:33:44 studentrd kernel: system 00:08: [mem 0xfffc0000-0xffffffff] has been reserved
Feb  4 12:33:44 studentrd kernel: pnp: PnP ACPI: found 9 devices
Feb  4 12:33:44 studentrd kernel: ACPI: bus type PNP unregistered
Feb  4 12:33:44 studentrd kernel: NET: Registered protocol family 2
Feb  4 12:33:44 studentrd kernel: TCP established hash table entries: 65536 (order: 7, 524288 bytes)
Feb  4 12:33:44 studentrd kernel: TCP bind hash table entries: 65536 (order: 8, 1048576 bytes)
Feb  4 12:33:44 studentrd kernel: TCP: Hash tables configured (established 65536 bind 65536)
Feb  4 12:33:44 studentrd kernel: TCP: reno registered
Feb  4 12:33:44 studentrd kernel: UDP hash table entries: 4096 (order: 5, 131072 bytes)
Feb  4 12:33:44 studentrd kernel: UDP-Lite hash table entries: 4096 (order: 5, 131072 bytes)
Feb  4 12:33:44 studentrd kernel: NET: Registered protocol family 1
Feb  4 12:33:44 studentrd kernel: pci 0000:00:00.0: Limiting direct PCI/PCI transfers
Feb  4 12:33:44 studentrd kernel: Unpacking initramfs...
Feb  4 12:33:44 studentrd kernel: Freeing initrd memory: 17380k freed
Feb  4 12:33:44 studentrd kernel: PCI-DMA: Using software bounce buffering for IO (SWIOTLB)
Feb  4 12:33:44 studentrd kernel: software IO TLB [mem 0x3bff0000-0x3fff0000] (64MB) mapped at [ffff9d91fbff0000-ffff9d91fffeffff]
Feb  4 12:33:44 studentrd kernel: RAPL PMU: API unit is 2^-32 Joules, 3 fixed counters, 10737418240 ms ovfl timer
Feb  4 12:33:44 studentrd kernel: RAPL PMU: hw unit of domain pp0-core 2^-0 Joules
Feb  4 12:33:44 studentrd kernel: RAPL PMU: hw unit of domain package 2^-0 Joules
Feb  4 12:33:44 studentrd kernel: RAPL PMU: hw unit of domain dram 2^-16 Joules
Feb  4 12:33:44 studentrd kernel: sha1_ssse3: Using AVX2 optimized SHA-1 implementation
Feb  4 12:33:44 studentrd kernel: sha256_ssse3: Using AVX2 optimized SHA-256 implementation
Feb  4 12:33:44 studentrd kernel: futex hash table entries: 32768 (order: 9, 2097152 bytes)
Feb  4 12:33:44 studentrd kernel: Initialise system trusted keyring
Feb  4 12:33:44 studentrd kernel: audit: initializing netlink socket (disabled)
Feb  4 12:33:44 studentrd kernel: type=2000 audit(1580848422.686:1): initialized
Feb  4 12:33:44 studentrd kernel: HugeTLB registered 1 GB page size, pre-allocated 0 pages
Feb  4 12:33:44 studentrd kernel: HugeTLB registered 2 MB page size, pre-allocated 0 pages
Feb  4 12:33:44 studentrd kernel: zpool: loaded
Feb  4 12:33:44 studentrd kernel: zbud: loaded
Feb  4 12:33:44 studentrd kernel: VFS: Disk quotas dquot_6.5.2
Feb  4 12:33:44 studentrd kernel: Dquot-cache hash table entries: 512 (order 0, 4096 bytes)
Feb  4 12:33:44 studentrd kernel: msgmni has been set to 15922
Feb  4 12:33:44 studentrd kernel: Key type big_key registered
Feb  4 12:33:44 studentrd kernel: NET: Registered protocol family 38
Feb  4 12:33:44 studentrd kernel: Key type asymmetric registered
Feb  4 12:33:44 studentrd kernel: Asymmetric key parser 'x509' registered
Feb  4 12:33:44 studentrd kernel: Block layer SCSI generic (bsg) driver version 0.4 loaded (major 248)
Feb  4 12:33:44 studentrd kernel: io scheduler noop registered
Feb  4 12:33:44 studentrd kernel: io scheduler deadline registered (default)
Feb  4 12:33:44 studentrd kernel: io scheduler cfq registered
Feb  4 12:33:44 studentrd kernel: io scheduler mq-deadline registered
Feb  4 12:33:44 studentrd kernel: io scheduler kyber registered
Feb  4 12:33:44 studentrd kernel: pci_hotplug: PCI Hot Plug PCI Core version: 0.5
Feb  4 12:33:44 studentrd kernel: pciehp: PCI Express Hot Plug Controller Driver version: 0.4
Feb  4 12:33:44 studentrd kernel: shpchp: Standard Hot Plug PCI Controller Driver version: 0.4
Feb  4 12:33:44 studentrd kernel: input: Power Button as /devices/LNXSYSTM:00/LNXPWRBN:00/input/input0
Feb  4 12:33:44 studentrd kernel: ACPI: Power Button [PWRF]
Feb  4 12:33:44 studentrd kernel: GHES: HEST is not enabled!
Feb  4 12:33:44 studentrd kernel: Serial: 8250/16550 driver, 4 ports, IRQ sharing enabled
Feb  4 12:33:44 studentrd kernel: 00:03: ttyS0 at I/O 0x3f8 (irq = 4) is a 16550A
Feb  4 12:33:44 studentrd kernel: 00:04: ttyS1 at I/O 0x2f8 (irq = 3) is a 16550A
Feb  4 12:33:44 studentrd kernel: Non-volatile memory driver v1.3
Feb  4 12:33:44 studentrd kernel: Linux agpgart interface v0.103
Feb  4 12:33:44 studentrd kernel: crash memory driver: version 1.1
Feb  4 12:33:44 studentrd kernel: rdac: device handler registered
Feb  4 12:33:44 studentrd kernel: hp_sw: device handler registered
Feb  4 12:33:44 studentrd kernel: emc: device handler registered
Feb  4 12:33:44 studentrd kernel: alua: device handler registered
Feb  4 12:33:44 studentrd kernel: libphy: Fixed MDIO Bus: probed
Feb  4 12:33:44 studentrd kernel: ehci_hcd: USB 2.0 'Enhanced' Host Controller (EHCI) Driver
Feb  4 12:33:44 studentrd kernel: ehci-pci: EHCI PCI platform driver
Feb  4 12:33:44 studentrd kernel: ohci_hcd: USB 1.1 'Open' Host Controller (OHCI) Driver
Feb  4 12:33:44 studentrd kernel: ohci-pci: OHCI PCI platform driver
Feb  4 12:33:44 studentrd kernel: uhci_hcd: USB Universal Host Controller Interface driver
Feb  4 12:33:44 studentrd kernel: usbcore: registered new interface driver usbserial_generic
Feb  4 12:33:44 studentrd kernel: usbserial: USB Serial support registered for generic
Feb  4 12:33:44 studentrd kernel: i8042: PNP: PS/2 Controller [PNP0303:PS2K,PNP0f03:PS2M] at 0x60,0x64 irq 1,12
Feb  4 12:33:44 studentrd kernel: serio: i8042 KBD port at 0x60,0x64 irq 1
Feb  4 12:33:44 studentrd kernel: serio: i8042 AUX port at 0x60,0x64 irq 12
Feb  4 12:33:44 studentrd kernel: mousedev: PS/2 mouse device common for all mice
Feb  4 12:33:44 studentrd kernel: rtc_cmos 00:00: RTC can wake from S4
Feb  4 12:33:44 studentrd kernel: rtc_cmos 00:00: rtc core: registered rtc_cmos as rtc0
Feb  4 12:33:44 studentrd kernel: rtc_cmos 00:00: alarms up to one month, 114 bytes nvram
Feb  4 12:33:44 studentrd kernel: cpuidle: using governor menu
Feb  4 12:33:44 studentrd kernel: hidraw: raw HID events driver (C) Jiri Kosina
Feb  4 12:33:44 studentrd kernel: usbcore: registered new interface driver usbhid
Feb  4 12:33:44 studentrd kernel: input: AT Translated Set 2 keyboard as /devices/platform/i8042/serio0/input/input1
Feb  4 12:33:44 studentrd kernel: usbhid: USB HID core driver
Feb  4 12:33:44 studentrd kernel: drop_monitor: Initializing network drop monitor service
Feb  4 12:33:44 studentrd kernel: TCP: cubic registered
Feb  4 12:33:44 studentrd kernel: Initializing XFRM netlink socket
Feb  4 12:33:44 studentrd kernel: NET: Registered protocol family 10
Feb  4 12:33:44 studentrd kernel: NET: Registered protocol family 17
Feb  4 12:33:44 studentrd kernel: mpls_gso: MPLS GSO support
Feb  4 12:33:44 studentrd kernel: mce: Using 1 MCE banks
Feb  4 12:33:44 studentrd kernel: Loading compiled-in X.509 certificates
Feb  4 12:33:44 studentrd kernel: Loaded X.509 cert 'CentOS Linux kpatch signing key: ea0413152cde1d98ebdca3fe6f0230904c9ef717'
Feb  4 12:33:44 studentrd kernel: Loaded X.509 cert 'CentOS Linux Driver update signing key: 7f421ee0ab69461574bb358861dbe77762a4201b'
Feb  4 12:33:44 studentrd kernel: Loaded X.509 cert 'CentOS Linux kernel signing key: d8291b41e852d9c36b6e488fe2c241ee3af6586e'
Feb  4 12:33:44 studentrd kernel: registered taskstats version 1
Feb  4 12:33:44 studentrd kernel: Key type trusted registered
Feb  4 12:33:44 studentrd kernel: Key type encrypted registered
Feb  4 12:33:44 studentrd kernel: IMA: No TPM chip found, activating TPM-bypass! (rc=-19)
Feb  4 12:33:44 studentrd kernel:  Magic number: 8:426:598
Feb  4 12:33:44 studentrd kernel: rtc_cmos 00:00: setting system clock to 2020-02-04 20:33:44 UTC (1580848424)
Feb  4 12:33:44 studentrd kernel: Freeing unused kernel memory: 1980k freed
Feb  4 12:33:44 studentrd kernel: Write protecting the kernel read-only data: 12288k
Feb  4 12:33:44 studentrd kernel: Freeing unused kernel memory: 416k freed
Feb  4 12:33:44 studentrd kernel: Freeing unused kernel memory: 552k freed
Feb  4 12:33:44 studentrd kernel: random: systemd: uninitialized urandom read (16 bytes read)
Feb  4 12:33:44 studentrd kernel: random: systemd: uninitialized urandom read (16 bytes read)
Feb  4 12:33:44 studentrd kernel: random: systemd: uninitialized urandom read (16 bytes read)
Feb  4 12:33:44 studentrd systemd[1]: systemd 219 running in system mode. (+PAM +AUDIT +SELINUX +IMA -APPARMOR +SMACK +SYSVINIT +UTMP +LIBCRYPTSETUP +GCRYPT +GNUTLS +ACL +XZ +LZ4 -SECCOMP +BLKID +ELFUTILS +KMOD +IDN)
Feb  4 12:33:44 studentrd systemd[1]: Detected virtualization microsoft.
Feb  4 12:33:44 studentrd systemd[1]: Detected architecture x86-64.
Feb  4 12:33:44 studentrd systemd[1]: Running in initial RAM disk.
Feb  4 12:33:44 studentrd systemd[1]: Set hostname to <studentrd>.
Feb  4 12:33:44 studentrd kernel: random: systemd: uninitialized urandom read (16 bytes read)
Feb  4 12:33:44 studentrd kernel: random: systemd: uninitialized urandom read (16 bytes read)
Feb  4 12:33:44 studentrd kernel: random: systemd: uninitialized urandom read (16 bytes read)
Feb  4 12:33:44 studentrd kernel: random: systemd: uninitialized urandom read (16 bytes read)
Feb  4 12:33:44 studentrd kernel: random: systemd: uninitialized urandom read (16 bytes read)
Feb  4 12:33:44 studentrd kernel: random: systemd: uninitialized urandom read (16 bytes read)
Feb  4 12:33:44 studentrd kernel: random: systemd: uninitialized urandom read (16 bytes read)
Feb  4 12:33:44 studentrd systemd[1]: [/run/systemd/generator/dev-disk-by\x2duuid-39954a57\x2d6fda\x2d4070\x2d9d38\x2dd86ff2deebe3.device.d/timeout.conf:3] Unknown lvalue 'JobRunningTimeoutSec' in section 'Unit'
Feb  4 12:33:44 studentrd systemd[1]: Reached target Swap.
Feb  4 12:33:44 studentrd kernel: psmouse serio1: alps: Unknown ALPS touchpad: E7=12 00 64, EC=12 00 64
Feb  4 12:33:44 studentrd systemd[1]: Created slice Root Slice.
Feb  4 12:33:44 studentrd systemd[1]: Created slice System Slice.
Feb  4 12:33:44 studentrd systemd[1]: Reached target Timers.
Feb  4 12:33:44 studentrd systemd[1]: Listening on udev Control Socket.
Feb  4 12:33:44 studentrd systemd[1]: Reached target Slices.
Feb  4 12:33:44 studentrd systemd[1]: Reached target Local File Systems.
Feb  4 12:33:44 studentrd systemd[1]: Listening on Journal Socket.
Feb  4 12:33:44 studentrd systemd[1]: Starting Create list of required static device nodes for the current kernel...
Feb  4 12:33:44 studentrd systemd[1]: Starting Journal Service...
Feb  4 12:33:44 studentrd systemd[1]: Starting Apply Kernel Variables...
Feb  4 12:33:44 studentrd journal: Journal started
Feb  4 12:33:44 studentrd systemd[1]: Starting Setup Virtual Console...
Feb  4 12:33:44 studentrd systemd[1]: Listening on udev Kernel Socket.
Feb  4 12:33:44 studentrd systemd[1]: Reached target Sockets.
Feb  4 12:33:44 studentrd systemd[1]: Starting dracut cmdline hook...
Feb  4 12:33:44 studentrd systemd[1]: Started Journal Service.
Feb  4 12:33:44 studentrd systemd: Started Create list of required static device nodes for the current kernel.
Feb  4 12:33:44 studentrd systemd: Started Apply Kernel Variables.
Feb  4 12:33:44 studentrd kernel: psmouse serio1: trackpoint: failed to get extended button data, assuming 3 buttons
Feb  4 12:33:44 studentrd systemd: Starting Create Static Device Nodes in /dev...
Feb  4 12:33:44 studentrd systemd: Started Create Static Device Nodes in /dev.
Feb  4 12:33:44 studentrd systemd: Started Setup Virtual Console.
Feb  4 12:33:44 studentrd kernel: random: fast init done
Feb  4 12:33:44 studentrd systemd: Started dracut cmdline hook.
Feb  4 12:33:44 studentrd systemd: Starting dracut pre-udev hook...
Feb  4 12:33:45 studentrd systemd: Started dracut pre-udev hook.
Feb  4 12:33:45 studentrd systemd: Starting udev Kernel Device Manager...
Feb  4 12:33:45 studentrd systemd-udevd: starting version 219
Feb  4 12:33:45 studentrd systemd-udevd: Network interface NamePolicy= disabled on kernel command line, ignoring.
Feb  4 12:33:45 studentrd systemd: Started udev Kernel Device Manager.
Feb  4 12:33:45 studentrd systemd: Starting udev Coldplug all Devices...
Feb  4 12:33:45 studentrd systemd: Mounting Configuration File System...
Feb  4 12:33:45 studentrd systemd: Mounted Configuration File System.
Feb  4 12:33:45 studentrd systemd: Started udev Coldplug all Devices.
Feb  4 12:33:45 studentrd systemd: Starting dracut initqueue hook...
Feb  4 12:33:45 studentrd kernel: Floppy drive(s): fd0 is 1.44M
Feb  4 12:33:45 studentrd systemd: Reached target System Initialization.
Feb  4 12:33:45 studentrd systemd: Starting Show Plymouth Boot Screen...
Feb  4 12:33:45 studentrd kernel: FDC 0 is an 82078.
Feb  4 12:33:45 studentrd kernel: ata_piix 0000:00:07.1: Hyper-V Virtual Machine detected, ATA device ignore set
Feb  4 12:33:45 studentrd systemd: Received SIGRTMIN+20 from PID 247 (plymouthd).
Feb  4 12:33:45 studentrd systemd: Started Show Plymouth Boot Screen.
Feb  4 12:33:45 studentrd systemd: Reached target Paths.
Feb  4 12:33:45 studentrd systemd: Started Forward Password Requests to Plymouth Directory Watch.
Feb  4 12:33:45 studentrd systemd: Reached target Basic System.
Feb  4 12:33:45 studentrd kernel: scsi host0: ata_piix
Feb  4 12:33:45 studentrd kernel: scsi host1: ata_piix
Feb  4 12:33:45 studentrd kernel: ata1: PATA max UDMA/33 cmd 0x1f0 ctl 0x3f6 bmdma 0xffa0 irq 14
Feb  4 12:33:45 studentrd kernel: ata2: PATA max UDMA/33 cmd 0x170 ctl 0x376 bmdma 0xffa8 irq 15
Feb  4 12:33:45 studentrd kernel: hv_vmbus: Vmbus version:4.0
Feb  4 12:33:45 studentrd kernel: hv_vmbus: registering driver hyperv_fb
Feb  4 12:33:45 studentrd kernel: hv_vmbus: registering driver hyperv_keyboard
Feb  4 12:33:45 studentrd kernel: hv_vmbus: registering driver hid_hyperv
Feb  4 12:33:45 studentrd kernel: input: Microsoft Vmbus HID-compliant Mouse as /devices/virtual/input/input2
Feb  4 12:33:45 studentrd kernel: hid-generic 0006:045E:0621.0001: input: <UNKNOWN> HID v0.01 Mouse [Microsoft Vmbus HID-compliant Mouse] on 
Feb  4 12:33:45 studentrd kernel: hv_vmbus: registering driver hv_netvsc
Feb  4 12:33:45 studentrd kernel: hyperv_fb: Screen resolution: 1152x864, Color depth: 32
Feb  4 12:33:45 studentrd kernel: hv_vmbus: registering driver hv_storvsc
Feb  4 12:33:45 studentrd kernel: Console: switching to colour frame buffer device 144x54
Feb  4 12:33:48 studentrd kernel: psmouse serio1: trackpoint: IBM TrackPoint firmware: 0x01, buttons: 3/3
Feb  4 12:33:48 studentrd kernel: input: TPPS/2 IBM TrackPoint as /devices/platform/i8042/serio1/input/input3
Feb  4 12:33:48 studentrd kernel: input: AT Translated Set 2 keyboard as /devices/LNXSYSTM:00/device:00/PNP0A03:00/device:08/VMBUS:01/d34b2567-b9b6-42b9-8778-0a4ec0b955bf/serio2/input/input4
Feb  4 12:33:49 studentrd kernel: scsi host2: storvsc_host_t
Feb  4 12:33:49 studentrd kernel: scsi 2:0:0:0: Direct-Access     Msft     Virtual Disk     1.0  PQ: 0 ANSI: 5
Feb  4 12:33:49 studentrd kernel: scsi host3: storvsc_host_t
Feb  4 12:33:49 studentrd kernel: scsi 3:0:1:0: Direct-Access     Msft     Virtual Disk     1.0  PQ: 0 ANSI: 5
Feb  4 12:33:49 studentrd kernel: scsi host4: storvsc_host_t
Feb  4 12:33:49 studentrd kernel: scsi host5: storvsc_host_t
Feb  4 12:33:49 studentrd kernel: scsi 5:0:0:0: Direct-Access     Msft     Virtual Disk     1.0  PQ: 0 ANSI: 5
Feb  4 12:33:50 studentrd kernel: sd 3:0:1:0: [sdb] 104857600 512-byte logical blocks: (53.6 GB/50.0 GiB)
Feb  4 12:33:50 studentrd kernel: sd 5:0:0:0: [sdc] 268435456 512-byte logical blocks: (137 GB/128 GiB)
Feb  4 12:33:50 studentrd kernel: sd 5:0:0:0: [sdc] Write Protect is off
Feb  4 12:33:50 studentrd kernel: sd 5:0:0:0: [sdc] Write cache: enabled, read cache: enabled, supports DPO and FUA
Feb  4 12:33:50 studentrd kernel: sd 2:0:0:0: [sda] 41943040 512-byte logical blocks: (21.4 GB/20.0 GiB)
Feb  4 12:33:50 studentrd kernel: sd 3:0:1:0: [sdb] 4096-byte physical blocks
Feb  4 12:33:50 studentrd kernel: sd 2:0:0:0: [sda] Write Protect is off
Feb  4 12:33:50 studentrd kernel: sd 3:0:1:0: [sdb] Write Protect is off
Feb  4 12:33:50 studentrd kernel: sd 3:0:1:0: [sdb] Write cache: enabled, read cache: enabled, doesn't support DPO or FUA
Feb  4 12:33:50 studentrd kernel: sdb: sdb1
Feb  4 12:33:50 studentrd kernel: sd 3:0:1:0: [sdb] Attached SCSI disk
Feb  4 12:33:50 studentrd kernel: sd 2:0:0:0: [sda] Write cache: enabled, read cache: enabled, supports DPO and FUA
Feb  4 12:33:50 studentrd kernel: sdc: sdc1
Feb  4 12:33:50 studentrd kernel: sd 5:0:0:0: [sdc] Attached SCSI disk
Feb  4 12:33:50 studentrd kernel: sda: sda1 sda2
Feb  4 12:33:50 studentrd kernel: sd 2:0:0:0: [sda] Attached SCSI disk
Feb  4 12:33:50 studentrd systemd: Found device Virtual_Disk 2.
Feb  4 12:33:50 studentrd systemd: Starting File System Check on /dev/disk/by-uuid/39954a57-6fda-4070-9d38-d86ff2deebe3...
Feb  4 12:33:50 studentrd systemd-fsck: /dev/sda2: clean, 96835/1245184 files, 675463/4980480 blocks
Feb  4 12:33:50 studentrd systemd: Started File System Check on /dev/disk/by-uuid/39954a57-6fda-4070-9d38-d86ff2deebe3.
Feb  4 12:33:50 studentrd systemd: Started dracut initqueue hook.
Feb  4 12:33:50 studentrd systemd: Reached target Remote File Systems (Pre).
Feb  4 12:33:50 studentrd systemd: Reached target Remote File Systems.
Feb  4 12:33:50 studentrd systemd: Mounting /sysroot...
Feb  4 12:33:50 studentrd kernel: random: crng init done
Feb  4 12:33:50 studentrd kernel: EXT4-fs (sda2): mounted filesystem with ordered data mode. Opts: (null)
Feb  4 12:33:50 studentrd systemd: Mounted /sysroot.
Feb  4 12:33:50 studentrd systemd: Reached target Initrd Root File System.
Feb  4 12:33:50 studentrd systemd: Starting Reload Configuration from the Real Root...
Feb  4 12:33:50 studentrd systemd: Reloading.
Feb  4 12:33:51 studentrd systemd: [/run/systemd/generator/dev-disk-by\x2duuid-39954a57\x2d6fda\x2d4070\x2d9d38\x2dd86ff2deebe3.device.d/timeout.conf:3] Unknown lvalue 'JobRunningTimeoutSec' in section 'Unit'
Feb  4 12:33:51 studentrd systemd: Started Reload Configuration from the Real Root.
Feb  4 12:33:51 studentrd systemd: Reached target Initrd File Systems.
Feb  4 12:33:51 studentrd systemd: Reached target Initrd Default Target.
Feb  4 12:33:51 studentrd systemd: Starting dracut pre-pivot and cleanup hook...
Feb  4 12:33:51 studentrd systemd: Started dracut pre-pivot and cleanup hook.
Feb  4 12:33:51 studentrd systemd: Starting Cleaning Up and Shutting Down Daemons...
Feb  4 12:33:51 studentrd systemd: Stopped target Timers.
Feb  4 12:33:51 studentrd systemd: Starting Plymouth switch root service...
Feb  4 12:33:51 studentrd systemd: Stopped Cleaning Up and Shutting Down Daemons.
Feb  4 12:33:51 studentrd systemd: Stopped dracut pre-pivot and cleanup hook.
Feb  4 12:33:51 studentrd systemd: Stopped target Initrd Default Target.
Feb  4 12:33:51 studentrd systemd: Stopped target Remote File Systems.
Feb  4 12:33:51 studentrd systemd: Stopped target Remote File Systems (Pre).
Feb  4 12:33:51 studentrd systemd: Stopped dracut initqueue hook.
Feb  4 12:33:51 studentrd systemd: Stopped target Basic System.
Feb  4 12:33:51 studentrd systemd: Stopped target Paths.
Feb  4 12:33:51 studentrd systemd: Stopped target Slices.
Feb  4 12:33:51 studentrd systemd: Stopped target Sockets.
Feb  4 12:33:51 studentrd systemd: Stopped target System Initialization.
Feb  4 12:33:51 studentrd systemd: Stopping udev Kernel Device Manager...
Feb  4 12:33:51 studentrd systemd: Stopped target Swap.
Feb  4 12:33:51 studentrd systemd: Stopped Apply Kernel Variables.
Feb  4 12:33:51 studentrd systemd: Stopped udev Coldplug all Devices.
Feb  4 12:33:51 studentrd systemd: Stopped target Local File Systems.
Feb  4 12:33:51 studentrd systemd: Stopped udev Kernel Device Manager.
Feb  4 12:33:51 studentrd systemd: Stopped Create Static Device Nodes in /dev.
Feb  4 12:33:51 studentrd systemd: Stopped Create list of required static device nodes for the current kernel.
Feb  4 12:33:51 studentrd systemd: Stopped dracut pre-udev hook.
Feb  4 12:33:51 studentrd systemd: Stopped dracut cmdline hook.
Feb  4 12:33:51 studentrd systemd: Closed udev Control Socket.
Feb  4 12:33:51 studentrd systemd: Closed udev Kernel Socket.
Feb  4 12:33:51 studentrd systemd: Starting Cleanup udevd DB...
Feb  4 12:33:51 studentrd systemd: Started Cleanup udevd DB.
Feb  4 12:33:51 studentrd systemd: Reached target Switch Root.
Feb  4 12:33:51 studentrd systemd: Started Plymouth switch root service.
Feb  4 12:33:51 studentrd systemd: Starting Switch Root...
Feb  4 12:33:51 studentrd systemd: Switching root.
Feb  4 12:33:51 studentrd journal: Journal stopped
Feb  4 12:33:57 studentrd journal: Runtime journal is using 8.0M (max allowed 398.1M, trying to leave 597.3M free of 3.8G available  current limit 398.1M).
Feb  4 12:33:57 studentrd systemd-journald[97]: Received SIGTERM from PID 1 (systemd).
Feb  4 12:33:57 studentrd kernel: SELinux:  Disabled at runtime.
Feb  4 12:33:57 studentrd kernel: type=1404 audit(1580848433.368:2): selinux=0 auid=4294967295 ses=4294967295
Feb  4 12:33:57 studentrd kernel: ip_tables: (C) 2000-2006 Netfilter Core Team
Feb  4 12:33:57 studentrd systemd[1]: Inserted module 'ip_tables'
Feb  4 12:33:57 studentrd kernel: EXT4-fs (sda2): re-mounted. Opts: (null)
Feb  4 12:33:57 studentrd journal: Journal started
Feb  4 12:33:57 studentrd systemd: systemd 219 running in system mode. (+PAM +AUDIT +SELINUX +IMA -APPARMOR +SMACK +SYSVINIT +UTMP +LIBCRYPTSETUP +GCRYPT +GNUTLS +ACL +XZ +LZ4 -SECCOMP +BLKID +ELFUTILS +KMOD +IDN)
Feb  4 12:33:57 studentrd systemd: Detected virtualization microsoft.
Feb  4 12:33:57 studentrd systemd: Detected architecture x86-64.
Feb  4 12:33:57 studentrd systemd: Set hostname to <studentrd>.
Feb  4 12:33:57 studentrd systemd: Starting Flush Journal to Persistent Storage...
Feb  4 12:33:57 studentrd systemd: Started Apply Kernel Variables.
Feb  4 12:33:57 studentrd systemd: Started Create Static Device Nodes in /dev.
Feb  4 12:33:57 studentrd systemd: Starting udev Kernel Device Manager...
Feb  4 12:33:57 studentrd systemd: Reached target Local File Systems (Pre).
Feb  4 12:33:57 studentrd systemd: Started Configure read-only root support.
Feb  4 12:33:57 studentrd systemd: Starting Load/Save Random Seed...
Feb  4 12:33:57 studentrd systemd: Started Flush Journal to Persistent Storage.
Feb  4 12:33:57 studentrd systemd-udevd: starting version 219
Feb  4 12:33:57 studentrd systemd-udevd: Network interface NamePolicy= disabled on kernel command line, ignoring.
Feb  4 12:33:57 studentrd systemd: Started Load/Save Random Seed.
Feb  4 12:33:57 studentrd systemd: Started udev Kernel Device Manager.
Feb  4 12:33:58 studentrd kernel: piix4_smbus 0000:00:07.3: SMBus base address uninitialized - upgrade BIOS or use force_addr=0xaddr
Feb  4 12:33:58 studentrd kernel: input: PC Speaker as /devices/platform/pcspkr/input/input5
Feb  4 12:33:58 studentrd kernel: sd 2:0:0:0: Attached scsi generic sg0 type 0
Feb  4 12:33:58 studentrd kernel: sd 3:0:1:0: Attached scsi generic sg1 type 0
Feb  4 12:33:59 studentrd kernel: sd 5:0:0:0: Attached scsi generic sg2 type 0
Feb  4 12:33:59 studentrd kernel: pps_core: LinuxPPS API ver. 1 registered
Feb  4 12:33:59 studentrd kernel: pps_core: Software ver. 5.3.6 - Copyright 2005-2007 Rodolfo Giometti <giometti@linux.it>
Feb  4 12:33:59 studentrd kernel: hv_vmbus: registering driver hv_balloon
Feb  4 12:33:59 studentrd kernel: PTP clock support registered
Feb  4 12:33:59 studentrd kernel: hv_balloon: Using Dynamic Memory protocol version 2.0
Feb  4 12:33:59 studentrd kernel: hv_utils: Registering HyperV Utility Driver
Feb  4 12:33:59 studentrd kernel: hv_vmbus: registering driver hv_util
Feb  4 12:33:59 studentrd kernel: hv_utils: Heartbeat IC version 3.0
Feb  4 12:33:59 studentrd kernel: hv_utils: Shutdown IC version 3.0
Feb  4 12:33:59 studentrd kernel: hv_utils: TimeSync IC version 4.0
Feb  4 12:33:59 studentrd systemd: Time has been changed
Feb  4 12:33:59 studentrd kernel: hv_utils: VSS IC version 5.0
Feb  4 12:33:59 studentrd systemd: Found device /dev/ttyS0.
Feb  4 12:33:59 studentrd systemd: Found device Virtual_Disk 1.
Feb  4 12:33:59 studentrd systemd: Starting File System Check on /dev/disk/by-uuid/aaba024f-4b30-40a1-a51d-d27f767ca423...
Feb  4 12:33:59 studentrd kernel: cryptd: max_cpu_qlen set to 1000
Feb  4 12:33:59 studentrd systemd: Found device Virtual_Disk 1.
Feb  4 12:33:59 studentrd systemd: Mounting /VMSTORE...
Feb  4 12:33:59 studentrd kernel: AVX2 version of gcm_enc/dec engaged.
Feb  4 12:33:59 studentrd kernel: AES CTR mode by8 optimization enabled
Feb  4 12:33:59 studentrd kernel: alg: No test for __gcm-aes-aesni (__driver-gcm-aes-aesni)
Feb  4 12:33:59 studentrd kernel: alg: No test for __generic-gcm-aes-aesni (__driver-generic-gcm-aes-aesni)
Feb  4 12:33:59 studentrd systemd-fsck: /dev/sda1: clean, 357/65536 files, 61168/262144 blocks
Feb  4 12:33:59 studentrd systemd: Started File System Check on /dev/disk/by-uuid/aaba024f-4b30-40a1-a51d-d27f767ca423.
Feb  4 12:33:59 studentrd systemd: Mounting /boot...
Feb  4 12:33:59 studentrd kernel: EXT4-fs (sdc1): mounted filesystem with ordered data mode. Opts: (null)
Feb  4 12:33:59 studentrd systemd: Mounted /VMSTORE.
Feb  4 12:33:59 studentrd kernel: EXT4-fs (sda1): mounted filesystem with ordered data mode. Opts: (null)
Feb  4 12:33:59 studentrd systemd: Mounted /boot.
Feb  4 12:33:59 studentrd systemd: Reached target Local File Systems.
Feb  4 12:34:00 studentrd systemd: Starting Tell Plymouth To Write Out Runtime Data...
Feb  4 12:34:00 studentrd systemd: Starting Import network configuration from initramfs...
Feb  4 12:34:00 studentrd systemd: Started Tell Plymouth To Write Out Runtime Data.
Feb  4 12:34:00 studentrd systemd: Started Import network configuration from initramfs.
Feb  4 12:34:00 studentrd systemd: Starting Create Volatile Files and Directories...
Feb  4 12:34:00 studentrd systemd: Started Create Volatile Files and Directories.
Feb  4 12:34:00 studentrd systemd: Starting Security Auditing Service...
Feb  4 12:34:00 studentrd kernel: EDAC sbridge:  Ver: 1.1.2 
Feb  4 12:34:00 studentrd auditd[765]: Started dispatcher: /sbin/audispd pid: 767
Feb  4 12:34:00 studentrd audispd: No plugins found, exiting
Feb  4 12:34:00 studentrd kernel: type=1305 audit(1580848440.811:3): audit_pid=765 old=0 auid=4294967295 ses=4294967295 res=1
Feb  4 12:34:00 studentrd auditd[765]: Init complete, auditd 2.8.5 listening for events (startup state enable)
Feb  4 12:34:01 studentrd augenrules: /sbin/augenrules: No change
Feb  4 12:34:01 studentrd augenrules: No rules
Feb  4 12:34:01 studentrd augenrules: enabled 1
Feb  4 12:34:01 studentrd augenrules: failure 1
Feb  4 12:34:01 studentrd augenrules: pid 765
Feb  4 12:34:01 studentrd augenrules: rate_limit 0
Feb  4 12:34:01 studentrd augenrules: backlog_limit 8192
Feb  4 12:34:01 studentrd augenrules: lost 0
Feb  4 12:34:01 studentrd augenrules: backlog 0
Feb  4 12:34:01 studentrd augenrules: enabled 1
Feb  4 12:34:01 studentrd augenrules: failure 1
Feb  4 12:34:01 studentrd augenrules: pid 765
Feb  4 12:34:01 studentrd augenrules: rate_limit 0
Feb  4 12:34:01 studentrd augenrules: backlog_limit 8192
Feb  4 12:34:01 studentrd augenrules: lost 0
Feb  4 12:34:01 studentrd augenrules: backlog 0
Feb  4 12:34:01 studentrd systemd: Started Security Auditing Service.
Feb  4 12:34:01 studentrd systemd: Starting Update UTMP about System Boot/Shutdown...
Feb  4 12:34:01 studentrd systemd: Started Update UTMP about System Boot/Shutdown.
Feb  4 12:34:01 studentrd systemd: Reached target System Initialization.
Feb  4 12:34:01 studentrd systemd: Started Daily Cleanup of Temporary Directories.
Feb  4 12:34:01 studentrd systemd: Reached target Timers.
Feb  4 12:34:01 studentrd systemd: Listening on D-Bus System Message Bus Socket.
Feb  4 12:34:01 studentrd systemd: Reached target Sockets.
Feb  4 12:34:01 studentrd systemd: Started Flexible branding.
Feb  4 12:34:01 studentrd systemd: Reached target Paths.
Feb  4 12:34:01 studentrd systemd: Reached target Basic System.
Feb  4 12:34:01 studentrd systemd: Starting Dump dmesg to /var/log/dmesg...
Feb  4 12:34:01 studentrd systemd: Starting Authorization Manager...
Feb  4 12:34:01 studentrd systemd: Started irqbalance daemon.
Feb  4 12:34:01 studentrd systemd: Starting Login Service...
Feb  4 12:34:01 studentrd systemd: Starting NTP client/server...
Feb  4 12:34:01 studentrd systemd: Started D-Bus System Message Bus.
Feb  4 12:34:01 studentrd chronyd[798]: chronyd version 3.4 starting (+CMDMON +NTP +REFCLOCK +RTC +PRIVDROP +SCFILTER +SIGND +ASYNCDNS +SECHASH +IPV6 +DEBUG)
Feb  4 12:34:01 studentrd chronyd[798]: Frequency -26.833 +/- 0.041 ppm read from /var/lib/chrony/drift
Feb  4 12:34:01 studentrd dbus[796]: [system] Successfully activated service 'org.freedesktop.systemd1'
Feb  4 12:34:01 studentrd systemd: Starting Network Manager...
Feb  4 12:34:01 studentrd systemd: Starting Permit User Sessions...
Feb  4 12:34:01 studentrd systemd: Started Dump dmesg to /var/log/dmesg.
Feb  4 12:34:01 studentrd systemd: Started Permit User Sessions.
Feb  4 12:34:01 studentrd systemd-logind: New seat seat0.
Feb  4 12:34:01 studentrd systemd-logind: Watching system buttons on /dev/input/event0 (Power Button)
Feb  4 12:34:01 studentrd systemd-logind: Watching system buttons on /dev/input/event4 (AT Translated Set 2 keyboard)
Feb  4 12:34:01 studentrd systemd: Started Login Service.
Feb  4 12:34:01 studentrd systemd: Started Command Scheduler.
Feb  4 12:34:01 studentrd systemd: Starting Wait for Plymouth Boot Screen to Quit...
Feb  4 12:34:01 studentrd systemd: Starting Terminate Plymouth Boot Screen...
Feb  4 12:34:01 studentrd systemd: Started NTP client/server.
Feb  4 12:34:01 studentrd systemd: Received SIGRTMIN+21 from PID 247 (plymouthd).
Feb  4 12:34:01 studentrd systemd: Started Wait for Plymouth Boot Screen to Quit.
Feb  4 12:34:01 studentrd systemd: Started Terminate Plymouth Boot Screen.
Feb  4 12:34:01 studentrd systemd: Started Getty on tty1.
Feb  4 12:34:01 studentrd systemd: Started Serial Getty on ttyS0.
Feb  4 12:34:01 studentrd systemd: Reached target Login Prompts.
Feb  4 12:34:02 studentrd polkitd[789]: Started polkitd version 0.112
Feb  4 12:34:03 studentrd systemd: Started Authorization Manager.
Feb  4 12:34:03 studentrd NetworkManager[804]: <info>  [1580848443.2409] NetworkManager (version 1.18.0-5.el7_7.1) is starting... (for the first time)
Feb  4 12:34:03 studentrd NetworkManager[804]: <info>  [1580848443.2411] Read config: /etc/NetworkManager/NetworkManager.conf (lib: 10-slaves-order.conf)
Feb  4 12:34:03 studentrd systemd: Started Network Manager.
Feb  4 12:34:03 studentrd systemd: Starting Network Manager Wait Online...
Feb  4 12:34:03 studentrd NetworkManager[804]: <info>  [1580848443.2948] bus-manager: acquired D-Bus service "org.freedesktop.NetworkManager"
Feb  4 12:34:03 studentrd NetworkManager[804]: <info>  [1580848443.2958] manager[0x55916339c080]: monitoring kernel firmware directory '/lib/firmware'.
Feb  4 12:34:03 studentrd dbus[796]: [system] Activating via systemd: service name='org.freedesktop.hostname1' unit='dbus-org.freedesktop.hostname1.service'
Feb  4 12:34:03 studentrd systemd: Starting Hostname Service...
Feb  4 12:34:03 studentrd dbus[796]: [system] Successfully activated service 'org.freedesktop.hostname1'
Feb  4 12:34:03 studentrd NetworkManager[804]: <info>  [1580848443.3139] hostname: hostname: using hostnamed
Feb  4 12:34:03 studentrd NetworkManager[804]: <info>  [1580848443.3139] hostname: hostname changed from (none) to "studentrd"
Feb  4 12:34:03 studentrd NetworkManager[804]: <info>  [1580848443.3142] dns-mgr[0x559163384220]: init: dns=default,systemd-resolved rc-manager=file
Feb  4 12:34:03 studentrd dbus[796]: [system] Activating via systemd: service name='org.freedesktop.nm_dispatcher' unit='dbus-org.freedesktop.nm-dispatcher.service'
Feb  4 12:34:03 studentrd systemd: Started Hostname Service.
Feb  4 12:34:03 studentrd systemd: Starting Network Manager Script Dispatcher Service...
Feb  4 12:34:03 studentrd dbus[796]: [system] Successfully activated service 'org.freedesktop.nm_dispatcher'
Feb  4 12:34:03 studentrd systemd: Started Network Manager Script Dispatcher Service.
Feb  4 12:34:03 studentrd NetworkManager[804]: <info>  [1580848443.4728] settings: Loaded settings plugin: SettingsPluginIfcfg ("/usr/lib64/NetworkManager/1.18.0-5.el7_7.1/libnm-settings-plugin-ifcfg-rh.so")
Feb  4 12:34:03 studentrd NetworkManager[804]: <info>  [1580848443.4737] settings: Loaded settings plugin: NMSIbftPlugin ("/usr/lib64/NetworkManager/1.18.0-5.el7_7.1/libnm-settings-plugin-ibft.so")
Feb  4 12:34:03 studentrd NetworkManager[804]: <info>  [1580848443.4738] settings: Loaded settings plugin: NMSKeyfilePlugin (internal)
Feb  4 12:34:03 studentrd NetworkManager[804]: <info>  [1580848443.4757] ifcfg-rh: new connection /etc/sysconfig/network-scripts/ifcfg-eth0 (5fb06bd0-0bb0-7ffb-45f1-d6edd65f3e03,"System eth0")
Feb  4 12:34:03 studentrd NetworkManager[804]: <info>  [1580848443.4758] ifcfg-rh: Ignoring connection /etc/sysconfig/network-scripts/ifcfg-eth0 (5fb06bd0-0bb0-7ffb-45f1-d6edd65f3e03,"System eth0") due to NM_CONTROLLED=no. Unmanaged: interface-name:eth0.
Feb  4 12:34:03 studentrd NetworkManager[804]: <info>  [1580848443.4778] manager: rfkill: Wi-Fi enabled by radio killswitch; enabled by state file
Feb  4 12:34:03 studentrd NetworkManager[804]: <info>  [1580848443.4780] manager: rfkill: WWAN enabled by radio killswitch; enabled by state file
Feb  4 12:34:03 studentrd NetworkManager[804]: <info>  [1580848443.4781] manager: Networking is enabled by state file
Feb  4 12:34:03 studentrd NetworkManager[804]: <info>  [1580848443.4786] dhcp-init: Using DHCP client 'dhclient'
Feb  4 12:34:03 studentrd nm-dispatcher: req:1 'hostname': new request (3 scripts)
Feb  4 12:34:03 studentrd nm-dispatcher: req:1 'hostname': start running ordered scripts...
Feb  4 12:34:03 studentrd NetworkManager[804]: <info>  [1580848443.4804] device (lo): carrier: link connected
Feb  4 12:34:03 studentrd NetworkManager[804]: <info>  [1580848443.4808] manager: (lo): new Generic device (/org/freedesktop/NetworkManager/Devices/1)
Feb  4 12:34:03 studentrd NetworkManager[804]: <info>  [1580848443.4819] manager: (eth0): new Ethernet device (/org/freedesktop/NetworkManager/Devices/2)
Feb  4 12:34:03 studentrd NetworkManager[804]: <info>  [1580848443.4888] manager: startup complete
Feb  4 12:34:03 studentrd systemd: Started Network Manager Wait Online.
Feb  4 12:34:03 studentrd systemd: Starting LSB: Bring up/down networking...
Feb  4 12:34:04 studentrd network: Bringing up loopback interface:  [  OK  ]
Feb  4 12:34:04 studentrd network: Bringing up interface eth0:
Feb  4 12:34:04 studentrd NetworkManager[804]: <info>  [1580848444.8471] device (eth0): carrier: link connected
Feb  4 12:34:04 studentrd kernel: IPv6: ADDRCONF(NETDEV_UP): eth0: link is not ready
Feb  4 12:34:04 studentrd kernel: IPv6: ADDRCONF(NETDEV_CHANGE): eth0: link becomes ready
Feb  4 12:34:06 studentrd dhclient[980]: DHCPDISCOVER on eth0 to 255.255.255.255 port 67 interval 3 (xid=0x36875db8)
Feb  4 12:34:06 studentrd dhclient[980]: DHCPREQUEST on eth0 to 255.255.255.255 port 67 (xid=0x36875db8)
Feb  4 12:34:06 studentrd dhclient[980]: DHCPOFFER from 168.63.129.16
Feb  4 12:34:06 studentrd dhclient[980]: DHCPACK from 168.63.129.16 (xid=0x36875db8)
Feb  4 12:34:09 studentrd NET[1047]: /usr/sbin/dhclient-script : updated /etc/resolv.conf
Feb  4 12:34:09 studentrd dhclient[980]: bound to 192.168.1.100 -- renewal in 4294967292 seconds.
Feb  4 12:34:09 studentrd network: Determining IP information for eth0... done.
Feb  4 12:34:09 studentrd network: [  OK  ]
Feb  4 12:34:09 studentrd systemd: Started LSB: Bring up/down networking.
Feb  4 12:34:09 studentrd systemd: Reached target Network.
Feb  4 12:34:09 studentrd systemd: Starting Dynamic System Tuning Daemon...
Feb  4 12:34:09 studentrd systemd: Starting Postfix Mail Transport Agent...
Feb  4 12:34:09 studentrd systemd: Reached target Network is Online.
Feb  4 12:34:09 studentrd systemd: Starting System Logging Service...
Feb  4 12:34:09 studentrd systemd: Started Azure Linux Agent.
Feb  4 12:34:09 studentrd systemd: Starting Crash recovery kernel arming...
Feb  4 12:34:09 studentrd systemd: Starting OpenSSH server daemon...
Feb  4 12:34:09 studentrd kdumpctl: No memory reserved for crash kernel
Feb  4 12:34:09 studentrd kdumpctl: Starting kdump: [FAILED]
Feb  4 12:34:09 studentrd systemd: kdump.service: main process exited, code=exited, status=1/FAILURE
Feb  4 12:34:09 studentrd systemd: Failed to start Crash recovery kernel arming.
Feb  4 12:34:09 studentrd systemd: Unit kdump.service entered failed state.
Feb  4 12:34:09 studentrd systemd: kdump.service failed.
Feb  4 12:34:09 studentrd rsyslogd: [origin software="rsyslogd" swVersion="8.24.0-41.el7_7.2" x-pid="1105" x-info="http://www.rsyslog.com"] start
Feb  4 12:34:09 studentrd systemd: Started System Logging Service.
Feb  4 12:34:09 studentrd systemd: Started OpenSSH server daemon.
Feb  4 12:34:10 studentrd systemd: Started Postfix Mail Transport Agent.
Feb  4 12:34:11 studentrd python: 2020/02/04 12:34:11.563769 INFO Daemon Azure Linux Agent Version:2.2.42
Feb  4 12:34:11 studentrd python: 2020/02/04 12:34:11.606129 INFO Daemon OS: centos 7.7.1908
Feb  4 12:34:11 studentrd python: 2020/02/04 12:34:11.606293 INFO Daemon Python: 2.7.5
Feb  4 12:34:11 studentrd python: 2020/02/04 12:34:11.607210 INFO Daemon CGroups Status: The cgroup filesystem is ready to use
Feb  4 12:34:11 studentrd python: 2020/02/04 12:34:11.620791 INFO Daemon Created cgroup /sys/fs/cgroup/cpu/walinuxagent.service
Feb  4 12:34:11 studentrd python: 2020/02/04 12:34:11.621282 INFO Daemon Added PID 1106 to cgroup /sys/fs/cgroup/cpu/walinuxagent.service
Feb  4 12:34:11 studentrd python: 2020/02/04 12:34:11.630691 INFO Daemon Created cgroup /sys/fs/cgroup/memory/walinuxagent.service
Feb  4 12:34:11 studentrd python: 2020/02/04 12:34:11.631610 INFO Daemon Added PID 1106 to cgroup /sys/fs/cgroup/memory/walinuxagent.service
Feb  4 12:34:11 studentrd python: 2020/02/04 12:34:11.631763 INFO Daemon Run daemon
Feb  4 12:34:11 studentrd python: 2020/02/04 12:34:11.632139 INFO Daemon Activate resource disk
Feb  4 12:34:11 studentrd python: 2020/02/04 12:34:11.650734 INFO Daemon Examining partition table
Feb  4 12:34:11 studentrd systemd: Started Dynamic System Tuning Daemon.
Feb  4 12:34:11 studentrd systemd: Reached target Multi-User System.
Feb  4 12:34:11 studentrd systemd: Starting Update UTMP about System Runlevel Changes...
Feb  4 12:34:11 studentrd systemd: Started Update UTMP about System Runlevel Changes.
Feb  4 12:34:11 studentrd systemd: Startup finished in 1.058s (kernel) + 8.723s (initrd) + 18.205s (userspace) = 27.987s.
Feb  4 12:34:11 studentrd python: 2020/02/04 12:34:11.845746 INFO Daemon GPT not detected, determining filesystem
Feb  4 12:34:11 studentrd kernel: sdb: sdb1
Feb  4 12:34:11 studentrd python: 2020/02/04 12:34:11.896498 INFO Daemon sfdisk with --part-type failed [1], retrying with -c
Feb  4 12:34:11 studentrd python: 2020/02/04 12:34:11.910562 INFO Daemon sfdisk -c -f /dev/sdb 1 -n succeeded
Feb  4 12:34:11 studentrd python: 2020/02/04 12:34:11.910970 INFO Daemon The partition is formatted with ntfs, updating partition type to 83
Feb  4 12:34:11 studentrd python: 2020/02/04 12:34:11.920654 INFO Daemon sfdisk with --part-type failed [1], retrying with -c
Feb  4 12:34:11 studentrd python: 2020/02/04 12:34:11.928923 INFO Daemon sfdisk -c  /dev/sdb 1 83 succeeded
Feb  4 12:34:11 studentrd kernel: sdb: sdb1
Feb  4 12:34:11 studentrd python: 2020/02/04 12:34:11.940298 INFO Daemon Format partition [mkfs.ext4 -F /dev/sdb1]
Feb  4 12:34:11 studentrd kernel: sdb: sdb1
Feb  4 12:34:15 studentrd python: 2020/02/04 12:34:15.691342 INFO Daemon Mount resource disk [mount /dev/sdb1 /mnt/resource]
Feb  4 12:34:15 studentrd kernel: EXT4-fs (sdb1): mounted filesystem with ordered data mode. Opts: (null)
Feb  4 12:34:15 studentrd python: 2020/02/04 12:34:15.718792 INFO Daemon Resource disk /dev/sdb is mounted at /mnt/resource with ext4
Feb  4 12:34:15 studentrd python: 2020/02/04 12:34:15.724803 INFO Daemon Enable swap
Feb  4 12:34:15 studentrd python: 2020/02/04 12:34:15.778983 INFO Daemon Create swap file
Feb  4 12:34:15 studentrd kernel: Adding 4194300k swap on /mnt/resource/swapfile.  Priority:-2 extents:9 across:4505596k FS
Feb  4 12:34:15 studentrd python: 2020/02/04 12:34:15.902804 INFO Daemon Enabled 4194304KB of swap at /mnt/resource/swapfile
Feb  4 12:34:15 studentrd python: 2020/02/04 12:34:15.908037 INFO Daemon Clean protocol
Feb  4 12:34:15 studentrd python: 2020/02/04 12:34:15.911923 INFO Daemon Provisioning already completed, skipping.
Feb  4 12:34:15 studentrd python: 2020/02/04 12:34:15.915386 INFO Daemon RDMA capabilities are not enabled, skipping
Feb  4 12:34:16 studentrd python: 2020/02/04 12:34:16.985798 INFO Daemon Determined Agent WALinuxAgent-2.2.46 to be the latest agent
Feb  4 12:34:17 studentrd python: 2020-02-04T20:34:17.581209Z INFO ExtHandler Agent WALinuxAgent-2.2.46 is running as the goal state agent
Feb  4 12:34:17 studentrd python: 2020-02-04T20:34:17.581797Z INFO ExtHandler Distro info: centos 7.7.1908, osutil class being used: RedhatOSUtil, agent service name: waagent
Feb  4 12:34:17 studentrd python: 2020-02-04T20:34:17.594784Z INFO ExtHandler Detect protocol endpoints
Feb  4 12:34:17 studentrd python: 2020-02-04T20:34:17.595094Z INFO ExtHandler Clean protocol and wireserver endpoint
Feb  4 12:34:17 studentrd python: 2020-02-04T20:34:17.596532Z INFO ExtHandler WireServer endpoint is not found. Rerun dhcp handler
Feb  4 12:34:17 studentrd python: 2020-02-04T20:34:17.598097Z INFO ExtHandler Test for route to 168.63.129.16
Feb  4 12:34:17 studentrd python: 2020-02-04T20:34:17.599673Z INFO ExtHandler Route to 168.63.129.16 exists
Feb  4 12:34:17 studentrd python: 2020-02-04T20:34:17.600517Z INFO ExtHandler Wire server endpoint:168.63.129.16
Feb  4 12:34:17 studentrd python: 2020-02-04T20:34:17.647210Z INFO ExtHandler Fabric preferred wire protocol version:2015-04-05
Feb  4 12:34:17 studentrd python: 2020-02-04T20:34:17.651373Z INFO ExtHandler Wire protocol version:2012-11-30
Feb  4 12:34:17 studentrd python: 2020-02-04T20:34:17.654624Z INFO ExtHandler Server preferred version:2015-04-05
Feb  4 12:34:18 studentrd python: 2020-02-04T20:34:18.858634Z INFO ExtHandler Start env monitor service.
Feb  4 12:34:18 studentrd python: 2020-02-04T20:34:18.859040Z INFO ExtHandler Configure routes
Feb  4 12:34:18 studentrd python: 2020-02-04T20:34:18.862390Z INFO ExtHandler Gateway:None
Feb  4 12:34:18 studentrd python: 2020-02-04T20:34:18.871686Z INFO ExtHandler Routes:None
Feb  4 12:34:18 studentrd python: 2020-02-04T20:34:18.914561Z INFO ExtHandler WireServer endpoint 168.63.129.16 read from file
Feb  4 12:34:18 studentrd python: 2020-02-04T20:34:18.920959Z INFO ExtHandler WALinuxAgent-2.2.46 running as process 1235
Feb  4 12:34:18 studentrd python: 2020-02-04T20:34:18.923840Z INFO ExtHandler Wire server endpoint:168.63.129.16
Feb  4 12:34:18 studentrd python: 2020-02-04T20:34:18.931375Z INFO ExtHandler CGroups Status: The cgroup filesystem is ready to use
Feb  4 12:34:18 studentrd systemd: Reloading.
Feb  4 12:34:18 studentrd python: 2020-02-04T20:34:18.937317Z INFO ExtHandler Started tracking new cgroup: walinuxagent.service, path: /sys/fs/cgroup/cpu/system.slice/waagent.service
Feb  4 12:34:18 studentrd python: 2020-02-04T20:34:18.937781Z INFO ExtHandler Started tracking new cgroup: walinuxagent.service, path: /sys/fs/cgroup/memory/system.slice/waagent.service
Feb  4 12:34:19 studentrd systemd: Created slice Slice for walinuxagent extensions.
Feb  4 12:34:19 studentrd python: 2020-02-04T20:34:19.026561Z INFO ExtHandler Created slice for walinuxagent extensions system-walinuxagent.extensions.slice
Feb  4 12:34:19 studentrd python: 2020-02-04T20:34:19.032334Z INFO ExtHandler WireServer endpoint 168.63.129.16 read from file
Feb  4 12:34:19 studentrd python: 2020-02-04T20:34:19.036120Z INFO ExtHandler Wire server endpoint:168.63.129.16
Feb  4 12:34:19 studentrd python: 2020-02-04T20:34:19.090014Z INFO ExtHandler WireServer endpoint 168.63.129.16 read from file
Feb  4 12:34:19 studentrd python: 2020-02-04T20:34:19.094083Z INFO ExtHandler Wire server endpoint:168.63.129.16
Feb  4 12:34:19 studentrd python: 2020-02-04T20:34:19.183182Z INFO ExtHandler WireServer endpoint 168.63.129.16 read from file
Feb  4 12:34:19 studentrd python: 2020-02-04T20:34:19.187208Z INFO ExtHandler Wire server endpoint:168.63.129.16
Feb  4 12:34:19 studentrd python: 2020-02-04T20:34:19.191261Z INFO ExtHandler ProcessGoalState completed [incarnation 1; 101 ms]
Feb  4 12:34:19 studentrd kernel: nf_conntrack version 0.5.0 (65536 buckets, 262144 max)
Feb  4 12:34:19 studentrd python: 2020-02-04T20:34:19.545523Z INFO ExtHandler Route table: [{"Iface": "eth0", "Destination": "0.0.0.0", "Gateway": "192.168.1.1", "Mask": "0.0.0.0", "Flags": "0x0003", "Metric": "0"},{"Iface": "eth0", "Destination": "168.63.129.16", "Gateway": "192.168.1.1", "Mask": "255.255.255.255", "Flags": "0x0007", "Metric": "0"},{"Iface": "eth0", "Destination": "169.254.0.0", "Gateway": "0.0.0.0", "Mask": "255.255.0.0", "Flags": "0x0001", "Metric": "1002"},{"Iface": "eth0", "Destination": "169.254.169.254", "Gateway": "192.168.1.1", "Mask": "255.255.255.255", "Flags": "0x0007", "Metric": "0"},{"Iface": "eth0", "Destination": "192.168.1.0", "Gateway": "0.0.0.0", "Mask": "255.255.255.0", "Flags": "0x0001", "Metric": "0"}]
Feb  4 12:34:19 studentrd python: 2020-02-04T20:34:19.587916Z INFO ExtHandler Initial NIC state: [{ "name": "lo", "link": "<LOOPBACK,UP,LOWER_UP> mtu 65536 qdisc noqueue state UNKNOWN mode DEFAULT group default qlen 1000\    link/loopback 00:00:00:00:00:00 brd 00:00:00:00:00:00" }, { "name": "eth0", "link": "<BROADCAST,MULTICAST,UP,LOWER_UP> mtu 1500 qdisc mq state UP mode DEFAULT group default qlen 1000\    link/ether 00:0d:3a:5a:53:37 brd ff:ff:ff:ff:ff:ff" }]
Feb  4 12:34:19 studentrd python: 2020-02-04T20:34:19.608188Z INFO ExtHandler Successfully added Azure fabric firewall rules
Feb  4 12:34:19 studentrd python: 2020-02-04T20:34:19.616792Z INFO ExtHandler Firewall rules:
Feb  4 12:34:19 studentrd python: Chain INPUT (policy ACCEPT 0 packets, 0 bytes)
Feb  4 12:34:19 studentrd python: pkts      bytes target     prot opt in     out     source               destination
Feb  4 12:34:19 studentrd python: Chain FORWARD (policy ACCEPT 0 packets, 0 bytes)
Feb  4 12:34:19 studentrd python: pkts      bytes target     prot opt in     out     source               destination
Feb  4 12:34:19 studentrd python: Chain OUTPUT (policy ACCEPT 0 packets, 0 bytes)
Feb  4 12:34:19 studentrd python: pkts      bytes target     prot opt in     out     source               destination
Feb  4 12:34:19 studentrd python: 0        0 ACCEPT     tcp  --  *      *       0.0.0.0/0            168.63.129.16        owner UID match 0
Feb  4 12:34:19 studentrd python: 0        0 DROP       tcp  --  *      *       0.0.0.0/0            168.63.129.16        ctstate INVALID,NEW
Feb  4 12:34:19 studentrd python: 2020-02-04T20:34:19.638630Z INFO ExtHandler Set block dev timeout: sda with timeout: 300
Feb  4 12:34:19 studentrd python: 2020-02-04T20:34:19.642430Z INFO ExtHandler Set block dev timeout: sdb with timeout: 300
Feb  4 12:34:19 studentrd python: 2020-02-04T20:34:19.748123Z INFO ExtHandler Set block dev timeout: sdc with timeout: 300
Feb  4 12:34:35 studentrd chronyd[798]: Selected source 144.76.70.233
Feb  4 12:34:35 studentrd systemd: Created slice User Slice of root.
Feb  4 12:34:35 studentrd systemd-logind: New session 1 of user root.
Feb  4 12:34:35 studentrd systemd: Started Session 1 of user root.
Feb  4 12:34:46 studentrd kernel: hv_balloon: Max. dynamic memory size: 8192 MB
Feb  4 12:36:45 studentrd chronyd[798]: Selected source 159.203.158.197
Feb  4 12:39:19 studentrd python: 2020-02-04T20:39:19.938951Z INFO ExtHandler Stopped tracking cgroup: walinuxagent.service, path: /sys/fs/cgroup/cpu/system.slice/waagent.service
Feb  4 12:39:19 studentrd python: 2020-02-04T20:39:19.939766Z INFO ExtHandler Stopped tracking cgroup: walinuxagent.service, path: /sys/fs/cgroup/memory/system.slice/waagent.service
Feb  4 12:47:33 studentrd chronyd[798]: Selected source 173.51.147.14
Feb  4 12:48:49 studentrd systemd: Starting Cleanup of Temporary Directories...
Feb  4 12:48:49 studentrd systemd: Started Cleanup of Temporary Directories.
Feb  4 12:49:17 studentrd python: 2020/02/04 12:49:17.755487 INFO Daemon Agent WALinuxAgent-2.2.46 launched with command 'python -u bin/WALinuxAgent-2.2.46-py2.7.egg -run-exthandlers' is successfully running
Feb  4 12:57:14 studentrd chronyd[798]: Selected source 159.203.158.197
Feb  4 13:01:01 studentrd systemd: Started Session 2 of user root.
Feb  4 13:19:52 studentrd chronyd[798]: Selected source 173.51.147.14
Feb  4 14:01:01 studentrd systemd: Started Session 3 of user root.
Feb  4 14:06:16 studentrd chronyd[798]: Source 173.51.147.14 replaced with 209.51.161.238
Feb  4 14:09:27 studentrd systemd-logind: Removed session 1.
Feb  4 14:09:27 studentrd systemd: Removed slice User Slice of root.
Feb  4 14:09:31 studentrd chronyd[798]: Selected source 209.51.161.238
Feb  4 15:01:01 studentrd systemd: Created slice User Slice of root.
Feb  4 15:01:01 studentrd systemd: Started Session 4 of user root.
Feb  4 15:01:01 studentrd systemd: Removed slice User Slice of root.
Feb  4 16:01:01 studentrd systemd: Created slice User Slice of root.
Feb  4 16:01:01 studentrd systemd: Started Session 5 of user root.
Feb  4 16:01:01 studentrd systemd: Removed slice User Slice of root.
Feb  4 17:01:01 studentrd systemd: Created slice User Slice of root.
Feb  4 17:01:01 studentrd systemd: Started Session 6 of user root.
Feb  4 17:01:01 studentrd systemd: Removed slice User Slice of root.
Feb  4 18:01:01 studentrd systemd: Created slice User Slice of root.
Feb  4 18:01:01 studentrd systemd: Started Session 7 of user root.
Feb  4 18:01:01 studentrd systemd: Removed slice User Slice of root.
Feb  4 18:15:52 studentrd python: 2020-02-05T02:15:52.957836Z INFO ExtHandler Found private key matching thumbprint 551296CA86E2AEDC898267A64D78AA4BF761849E
Feb  4 18:15:53 studentrd python: 2020-02-05T02:15:53.012767Z INFO [Microsoft.CPlat.Core.RunCommandLinux-1.0.1] Target handler state: enabled
Feb  4 18:15:53 studentrd python: 2020-02-05T02:15:53.017362Z INFO [Microsoft.CPlat.Core.RunCommandLinux-1.0.1] [Enable] current handler state is: notinstalled
Feb  4 18:15:53 studentrd python: 2020-02-05T02:15:53.022413Z INFO [Microsoft.CPlat.Core.RunCommandLinux-1.0.1] Downloading extension package: https://zrdfepirv2byaprdstr01a.blob.core.windows.net/f72653efd9e349ed9842c8b99e4c1712/Microsoft.CPlat.Core__RunCommandLinux__1.0.1
Feb  4 18:15:53 studentrd python: 2020-02-05T02:15:53.105807Z INFO [Microsoft.CPlat.Core.RunCommandLinux-1.0.1] Unzipping extension package: /var/lib/waagent/Microsoft.CPlat.Core.RunCommandLinux__1.0.1.zip
Feb  4 18:15:53 studentrd python: 2020-02-05T02:15:53.184325Z INFO [Microsoft.CPlat.Core.RunCommandLinux-1.0.1] Initializing extension Microsoft.CPlat.Core.RunCommandLinux-1.0.1
Feb  4 18:15:53 studentrd systemd: Reloading.
Feb  4 18:15:53 studentrd systemd: Created slice Slice for extension Microsoft.CPlat.Core.RunCommandLinux-1.0.1.
Feb  4 18:15:53 studentrd python: 2020-02-05T02:15:53.243203Z INFO ExtHandler Created slice for system-walinuxagent.extensions-Microsoft.CPlat.Core.RunCommandLinux_1.0.1.slice
Feb  4 18:15:53 studentrd python: 2020-02-05T02:15:53.244993Z INFO [Microsoft.CPlat.Core.RunCommandLinux-1.0.1] Update settings file: 0.settings
Feb  4 18:15:53 studentrd python: 2020-02-05T02:15:53.246900Z INFO [Microsoft.CPlat.Core.RunCommandLinux-1.0.1] Install extension [bin/run-command-shim install]
Feb  4 18:15:53 studentrd python: 2020-02-05T02:15:53.252787Z INFO ExtHandler Started extension using scope 'Microsoft.CPlat.Core.RunCommandLinux_1.0.1_945d0970-bcd1-4ddb-a7c3-295c5a710c84'
Feb  4 18:15:53 studentrd python: 2020-02-05T02:15:53.257105Z INFO ExtHandler Started tracking new cgroup: Microsoft.CPlat.Core.RunCommandLinux-1.0.1, path: /sys/fs/cgroup/cpu/system.slice/Microsoft.CPlat.Core.RunCommandLinux_1.0.1_945d0970-bcd1-4ddb-a7c3-295c5a710c84.scope
Feb  4 18:15:53 studentrd python: 2020-02-05T02:15:53.258471Z INFO ExtHandler Started tracking new cgroup: Microsoft.CPlat.Core.RunCommandLinux-1.0.1, path: /sys/fs/cgroup/memory/system.slice/Microsoft.CPlat.Core.RunCommandLinux_1.0.1_945d0970-bcd1-4ddb-a7c3-295c5a710c84.scope
Feb  4 18:15:53 studentrd systemd: Started /var/lib/waagent/Microsoft.CPlat.Core.RunCommandLinux-1.0.1/bin/run-command-shim install.
Feb  4 18:15:55 studentrd python: 2020-02-05T02:15:55.263913Z INFO [Microsoft.CPlat.Core.RunCommandLinux-1.0.1] Enable extension [bin/run-command-shim enable]
Feb  4 18:15:55 studentrd python: 2020-02-05T02:15:55.272011Z INFO ExtHandler Started extension using scope 'Microsoft.CPlat.Core.RunCommandLinux_1.0.1_dc326ad9-7455-44b3-a6dc-5a5cddef8c00'
Feb  4 18:15:55 studentrd python: 2020-02-05T02:15:55.274820Z INFO ExtHandler Started tracking new cgroup: Microsoft.CPlat.Core.RunCommandLinux-1.0.1, path: /sys/fs/cgroup/cpu/system.slice/Microsoft.CPlat.Core.RunCommandLinux_1.0.1_dc326ad9-7455-44b3-a6dc-5a5cddef8c00.scope
Feb  4 18:15:55 studentrd python: 2020-02-05T02:15:55.276376Z INFO ExtHandler Started tracking new cgroup: Microsoft.CPlat.Core.RunCommandLinux-1.0.1, path: /sys/fs/cgroup/memory/system.slice/Microsoft.CPlat.Core.RunCommandLinux_1.0.1_dc326ad9-7455-44b3-a6dc-5a5cddef8c00.scope
Feb  4 18:15:55 studentrd systemd: Started /var/lib/waagent/Microsoft.CPlat.Core.RunCommandLinux-1.0.1/bin/run-command-shim enable.
Feb  4 18:15:57 studentrd python: 2020-02-05T02:15:57.303706Z INFO ExtHandler ProcessGoalState completed [incarnation 2; 4433 ms]
Feb  4 18:19:49 studentrd python: 2020-02-05T02:19:49.928026Z INFO ExtHandler Stopped tracking cgroup: Microsoft.CPlat.Core.RunCommandLinux-1.0.1, path: /sys/fs/cgroup/cpu/system.slice/Microsoft.CPlat.Core.RunCommandLinux_1.0.1_945d0970-bcd1-4ddb-a7c3-295c5a710c84.scope
Feb  4 18:19:49 studentrd python: 2020-02-05T02:19:49.928729Z INFO ExtHandler Stopped tracking cgroup: Microsoft.CPlat.Core.RunCommandLinux-1.0.1, path: /sys/fs/cgroup/memory/system.slice/Microsoft.CPlat.Core.RunCommandLinux_1.0.1_945d0970-bcd1-4ddb-a7c3-295c5a710c84.scope
Feb  4 18:19:49 studentrd python: 2020-02-05T02:19:49.930811Z INFO ExtHandler Stopped tracking cgroup: Microsoft.CPlat.Core.RunCommandLinux-1.0.1, path: /sys/fs/cgroup/cpu/system.slice/Microsoft.CPlat.Core.RunCommandLinux_1.0.1_dc326ad9-7455-44b3-a6dc-5a5cddef8c00.scope
Feb  4 18:19:49 studentrd python: 2020-02-05T02:19:49.932518Z INFO ExtHandler Stopped tracking cgroup: Microsoft.CPlat.Core.RunCommandLinux-1.0.1, path: /sys/fs/cgroup/memory/system.slice/Microsoft.CPlat.Core.RunCommandLinux_1.0.1_dc326ad9-7455-44b3-a6dc-5a5cddef8c00.scope
Feb  4 18:30:34 studentrd kernel: hv_utils: Shutdown request received - graceful shutdown initiated
Feb  4 20:18:36 studentrd kernel: Initializing cgroup subsys cpuset
Feb  4 20:18:36 studentrd kernel: Initializing cgroup subsys cpu
Feb  4 20:18:36 studentrd kernel: Initializing cgroup subsys cpuacct
Feb  4 20:18:36 studentrd kernel: Linux version 3.10.0-1062.7.1.el7.x86_64 (mockbuild@kbuilder.bsys.centos.org) (gcc version 4.8.5 20150623 (Red Hat 4.8.5-39) (GCC) ) #1 SMP Mon Dec 2 17:33:29 UTC 2019
Feb  4 20:18:36 studentrd kernel: Command line: BOOT_IMAGE=/vmlinuz-3.10.0-1062.7.1.el7.x86_64 root=UUID=39954a57-6fda-4070-9d38-d86ff2deebe3 ro rootdelay=300 console=ttyS0 earlyprintk=ttyS0 net.ifnames=0 LANG=en_US.UTF-8
Feb  4 20:18:36 studentrd kernel: e820: BIOS-provided physical RAM map:
Feb  4 20:18:36 studentrd kernel: BIOS-e820: [mem 0x0000000000000000-0x000000000009fbff] usable
Feb  4 20:18:36 studentrd kernel: BIOS-e820: [mem 0x000000000009fc00-0x000000000009ffff] reserved
Feb  4 20:18:36 studentrd kernel: BIOS-e820: [mem 0x00000000000e0000-0x00000000000fffff] reserved
Feb  4 20:18:36 studentrd kernel: BIOS-e820: [mem 0x0000000000100000-0x000000003ffeffff] usable
Feb  4 20:18:36 studentrd kernel: BIOS-e820: [mem 0x000000003fff0000-0x000000003fffefff] ACPI data
Feb  4 20:18:36 studentrd kernel: BIOS-e820: [mem 0x000000003ffff000-0x000000003fffffff] ACPI NVS
Feb  4 20:18:36 studentrd kernel: BIOS-e820: [mem 0x0000000100000000-0x00000002bfffffff] usable
Feb  4 20:18:36 studentrd kernel: bootconsole [earlyser0] enabled
Feb  4 20:18:36 studentrd kernel: NX (Execute Disable) protection: active
Feb  4 20:18:36 studentrd kernel: SMBIOS 2.3 present.
Feb  4 20:18:36 studentrd kernel: DMI: Microsoft Corporation Virtual Machine/Virtual Machine, BIOS 090007  06/02/2017
Feb  4 20:18:36 studentrd kernel: Hypervisor detected: Microsoft HyperV
Feb  4 20:18:36 studentrd kernel: HyperV: features 0x2e7f, hints 0x44c2c
Feb  4 20:18:36 studentrd kernel: Hyper-V Host Build:14393-10.0-0-0.305
Feb  4 20:18:36 studentrd kernel: HyperV: LAPIC Timer Frequency: 0x30d40
Feb  4 20:18:36 studentrd kernel: tsc: Marking TSC unstable due to running on Hyper-V
Feb  4 20:18:36 studentrd kernel: Hyper-V: Using ext hypercall for remote TLB flush
Feb  4 20:18:36 studentrd kernel: e820: last_pfn = 0x2c0000 max_arch_pfn = 0x400000000
Feb  4 20:18:36 studentrd kernel: PAT configuration [0-7]: WB  WC  UC- UC  WB  WP  UC- UC  
Feb  4 20:18:36 studentrd kernel: e820: last_pfn = 0x3fff0 max_arch_pfn = 0x400000000
Feb  4 20:18:36 studentrd kernel: found SMP MP-table at [mem 0x000ff780-0x000ff78f] mapped at [ffffffffff200780]
Feb  4 20:18:36 studentrd kernel: Using GB pages for direct mapping
Feb  4 20:18:36 studentrd kernel: RAMDISK: [mem 0x35dfe000-0x36ef6fff]
Feb  4 20:18:36 studentrd kernel: Early table checksum verification disabled
Feb  4 20:18:36 studentrd kernel: ACPI: RSDP 00000000000f5bf0 00014 (v00 ACPIAM)
Feb  4 20:18:36 studentrd kernel: ACPI: RSDT 000000003fff0000 00040 (v01 VRTUAL MICROSFT 06001702 MSFT 00000097)
Feb  4 20:18:36 studentrd kernel: ACPI: FACP 000000003fff0200 00081 (v02 VRTUAL MICROSFT 06001702 MSFT 00000097)
Feb  4 20:18:36 studentrd kernel: ACPI: DSDT 000000003fff1d24 03CBE (v01 MSFTVM MSFTVM02 00000002 INTL 02002026)
Feb  4 20:18:36 studentrd kernel: ACPI: FACS 000000003ffff000 00040
Feb  4 20:18:36 studentrd kernel: ACPI: WAET 000000003fff1a80 00028 (v01 VRTUAL MICROSFT 06001702 MSFT 00000097)
Feb  4 20:18:36 studentrd kernel: ACPI: SLIC 000000003fff1ac0 00176 (v01 VRTUAL MICROSFT 06001702 MSFT 00000097)
Feb  4 20:18:36 studentrd kernel: ACPI: OEM0 000000003fff1cc0 00064 (v01 VRTUAL MICROSFT 06001702 MSFT 00000097)
Feb  4 20:18:36 studentrd kernel: ACPI: SRAT 000000003fff0800 00140 (v02 VRTUAL MICROSFT 00000001 MSFT 00000001)
Feb  4 20:18:36 studentrd kernel: ACPI: APIC 000000003fff0300 00452 (v01 VRTUAL MICROSFT 06001702 MSFT 00000097)
Feb  4 20:18:36 studentrd kernel: ACPI: OEMB 000000003ffff040 00064 (v01 VRTUAL MICROSFT 06001702 MSFT 00000097)
Feb  4 20:18:36 studentrd kernel: SRAT: PXM 0 -> APIC 0x00 -> Node 0
Feb  4 20:18:36 studentrd kernel: SRAT: PXM 0 -> APIC 0x01 -> Node 0
Feb  4 20:18:36 studentrd kernel: SRAT: Node 0 PXM 0 [mem 0x00000000-0x3fffffff] hotplug
Feb  4 20:18:36 studentrd kernel: SRAT: Node 0 PXM 0 [mem 0x100000000-0x2bfffffff] hotplug
Feb  4 20:18:36 studentrd kernel: SRAT: Node 0 PXM 0 [mem 0x2c0200000-0xfdfffffff] hotplug
Feb  4 20:18:36 studentrd kernel: SRAT: Node 0 PXM 0 [mem 0x1000000000-0xffffffffff] hotplug
Feb  4 20:18:36 studentrd kernel: SRAT: Node 0 PXM 0 [mem 0x10000200000-0x1ffffffffff] hotplug
Feb  4 20:18:36 studentrd kernel: SRAT: Node 0 PXM 0 [mem 0x20000200000-0x3ffffffffff] hotplug
Feb  4 20:18:36 studentrd kernel: NUMA: Node 0 [mem 0x00000000-0x3fffffff] + [mem 0x100000000-0x2bfffffff] -> [mem 0x00000000-0x2bfffffff]
Feb  4 20:18:36 studentrd kernel: NODE_DATA(0) allocated [mem 0x2bffd9000-0x2bfffffff]
Feb  4 20:18:36 studentrd kernel: Zone ranges:
Feb  4 20:18:36 studentrd kernel:  DMA      [mem 0x00001000-0x00ffffff]
Feb  4 20:18:36 studentrd kernel:  DMA32    [mem 0x01000000-0xffffffff]
Feb  4 20:18:36 studentrd kernel:  Normal   [mem 0x100000000-0x2bfffffff]
Feb  4 20:18:36 studentrd kernel: Movable zone start for each node
Feb  4 20:18:36 studentrd kernel: Early memory node ranges
Feb  4 20:18:36 studentrd kernel:  node   0: [mem 0x00001000-0x0009efff]
Feb  4 20:18:36 studentrd kernel:  node   0: [mem 0x00100000-0x3ffeffff]
Feb  4 20:18:36 studentrd kernel:  node   0: [mem 0x100000000-0x2bfffffff]
Feb  4 20:18:36 studentrd kernel: Initmem setup node 0 [mem 0x00001000-0x2bfffffff]
Feb  4 20:18:36 studentrd kernel: ACPI: PM-Timer IO Port: 0x408
Feb  4 20:18:36 studentrd kernel: ACPI: LAPIC (acpi_id[0x01] lapic_id[0x00] enabled)
Feb  4 20:18:36 studentrd kernel: ACPI: LAPIC (acpi_id[0x02] lapic_id[0x01] enabled)
Feb  4 20:18:36 studentrd kernel: ACPI: LAPIC (acpi_id[0x03] lapic_id[0x02] disabled)
Feb  4 20:18:36 studentrd kernel: ACPI: LAPIC (acpi_id[0x04] lapic_id[0x03] disabled)
Feb  4 20:18:36 studentrd kernel: ACPI: LAPIC (acpi_id[0x05] lapic_id[0x04] disabled)
Feb  4 20:18:36 studentrd kernel: ACPI: LAPIC (acpi_id[0x06] lapic_id[0x05] disabled)
Feb  4 20:18:36 studentrd kernel: ACPI: LAPIC (acpi_id[0x07] lapic_id[0x06] disabled)
Feb  4 20:18:36 studentrd kernel: ACPI: LAPIC (acpi_id[0x08] lapic_id[0x07] disabled)
Feb  4 20:18:36 studentrd kernel: ACPI: LAPIC (acpi_id[0x09] lapic_id[0x08] disabled)
Feb  4 20:18:36 studentrd kernel: ACPI: LAPIC (acpi_id[0x0a] lapic_id[0x09] disabled)
Feb  4 20:18:36 studentrd kernel: ACPI: LAPIC (acpi_id[0x0b] lapic_id[0x0a] disabled)
Feb  4 20:18:36 studentrd kernel: ACPI: LAPIC (acpi_id[0x0c] lapic_id[0x0b] disabled)
Feb  4 20:18:36 studentrd kernel: ACPI: LAPIC (acpi_id[0x0d] lapic_id[0x0c] disabled)
Feb  4 20:18:36 studentrd kernel: ACPI: LAPIC (acpi_id[0x0e] lapic_id[0x0d] disabled)
Feb  4 20:18:36 studentrd kernel: ACPI: LAPIC (acpi_id[0x0f] lapic_id[0x0e] disabled)
Feb  4 20:18:36 studentrd kernel: ACPI: LAPIC (acpi_id[0x10] lapic_id[0x0f] disabled)
Feb  4 20:18:36 studentrd kernel: ACPI: LAPIC (acpi_id[0x11] lapic_id[0x10] disabled)
Feb  4 20:18:36 studentrd kernel: ACPI: LAPIC (acpi_id[0x12] lapic_id[0x11] disabled)
Feb  4 20:18:36 studentrd kernel: ACPI: LAPIC (acpi_id[0x13] lapic_id[0x12] disabled)
Feb  4 20:18:36 studentrd kernel: ACPI: LAPIC (acpi_id[0x14] lapic_id[0x13] disabled)
Feb  4 20:18:36 studentrd kernel: ACPI: LAPIC (acpi_id[0x15] lapic_id[0x14] disabled)
Feb  4 20:18:36 studentrd kernel: ACPI: LAPIC (acpi_id[0x16] lapic_id[0x15] disabled)
Feb  4 20:18:36 studentrd kernel: ACPI: LAPIC (acpi_id[0x17] lapic_id[0x16] disabled)
Feb  4 20:18:36 studentrd kernel: ACPI: LAPIC (acpi_id[0x18] lapic_id[0x17] disabled)
Feb  4 20:18:36 studentrd kernel: ACPI: LAPIC (acpi_id[0x19] lapic_id[0x18] disabled)
Feb  4 20:18:36 studentrd kernel: ACPI: LAPIC (acpi_id[0x1a] lapic_id[0x19] disabled)
Feb  4 20:18:36 studentrd kernel: ACPI: LAPIC (acpi_id[0x1b] lapic_id[0x1a] disabled)
Feb  4 20:18:36 studentrd kernel: ACPI: LAPIC (acpi_id[0x1c] lapic_id[0x1b] disabled)
Feb  4 20:18:36 studentrd kernel: ACPI: LAPIC (acpi_id[0x1d] lapic_id[0x1c] disabled)
Feb  4 20:18:36 studentrd kernel: ACPI: LAPIC (acpi_id[0x1e] lapic_id[0x1d] disabled)
Feb  4 20:18:36 studentrd kernel: ACPI: LAPIC (acpi_id[0x1f] lapic_id[0x1e] disabled)
Feb  4 20:18:36 studentrd kernel: ACPI: LAPIC (acpi_id[0x20] lapic_id[0x1f] disabled)
Feb  4 20:18:36 studentrd kernel: ACPI: LAPIC (acpi_id[0x21] lapic_id[0x20] disabled)
Feb  4 20:18:36 studentrd kernel: ACPI: LAPIC (acpi_id[0x22] lapic_id[0x21] disabled)
Feb  4 20:18:36 studentrd kernel: ACPI: LAPIC (acpi_id[0x23] lapic_id[0x22] disabled)
Feb  4 20:18:36 studentrd kernel: ACPI: LAPIC (acpi_id[0x24] lapic_id[0x23] disabled)
Feb  4 20:18:36 studentrd kernel: ACPI: LAPIC (acpi_id[0x25] lapic_id[0x24] disabled)
Feb  4 20:18:36 studentrd kernel: ACPI: LAPIC (acpi_id[0x26] lapic_id[0x25] disabled)
Feb  4 20:18:36 studentrd kernel: ACPI: LAPIC (acpi_id[0x27] lapic_id[0x26] disabled)
Feb  4 20:18:36 studentrd kernel: ACPI: LAPIC (acpi_id[0x28] lapic_id[0x27] disabled)
Feb  4 20:18:36 studentrd kernel: ACPI: LAPIC (acpi_id[0x29] lapic_id[0x28] disabled)
Feb  4 20:18:36 studentrd kernel: ACPI: LAPIC (acpi_id[0x2a] lapic_id[0x29] disabled)
Feb  4 20:18:36 studentrd kernel: ACPI: LAPIC (acpi_id[0x2b] lapic_id[0x2a] disabled)
Feb  4 20:18:36 studentrd kernel: ACPI: LAPIC (acpi_id[0x2c] lapic_id[0x2b] disabled)
Feb  4 20:18:36 studentrd kernel: ACPI: LAPIC (acpi_id[0x2d] lapic_id[0x2c] disabled)
Feb  4 20:18:36 studentrd kernel: ACPI: LAPIC (acpi_id[0x2e] lapic_id[0x2d] disabled)
Feb  4 20:18:36 studentrd kernel: ACPI: LAPIC (acpi_id[0x2f] lapic_id[0x2e] disabled)
Feb  4 20:18:36 studentrd kernel: ACPI: LAPIC (acpi_id[0x30] lapic_id[0x2f] disabled)
Feb  4 20:18:36 studentrd kernel: ACPI: LAPIC (acpi_id[0x31] lapic_id[0x30] disabled)
Feb  4 20:18:36 studentrd kernel: ACPI: LAPIC (acpi_id[0x32] lapic_id[0x31] disabled)
Feb  4 20:18:36 studentrd kernel: ACPI: LAPIC (acpi_id[0x33] lapic_id[0x32] disabled)
Feb  4 20:18:36 studentrd kernel: ACPI: LAPIC (acpi_id[0x34] lapic_id[0x33] disabled)
Feb  4 20:18:36 studentrd kernel: ACPI: LAPIC (acpi_id[0x35] lapic_id[0x34] disabled)
Feb  4 20:18:36 studentrd kernel: ACPI: LAPIC (acpi_id[0x36] lapic_id[0x35] disabled)
Feb  4 20:18:36 studentrd kernel: ACPI: LAPIC (acpi_id[0x37] lapic_id[0x36] disabled)
Feb  4 20:18:36 studentrd kernel: ACPI: LAPIC (acpi_id[0x38] lapic_id[0x37] disabled)
Feb  4 20:18:36 studentrd kernel: ACPI: LAPIC (acpi_id[0x39] lapic_id[0x38] disabled)
Feb  4 20:18:36 studentrd kernel: ACPI: LAPIC (acpi_id[0x3a] lapic_id[0x39] disabled)
Feb  4 20:18:36 studentrd kernel: ACPI: LAPIC (acpi_id[0x3b] lapic_id[0x3a] disabled)
Feb  4 20:18:36 studentrd kernel: ACPI: LAPIC (acpi_id[0x3c] lapic_id[0x3b] disabled)
Feb  4 20:18:36 studentrd kernel: ACPI: LAPIC (acpi_id[0x3d] lapic_id[0x3c] disabled)
Feb  4 20:18:36 studentrd kernel: ACPI: LAPIC (acpi_id[0x3e] lapic_id[0x3d] disabled)
Feb  4 20:18:36 studentrd kernel: ACPI: LAPIC (acpi_id[0x3f] lapic_id[0x3e] disabled)
Feb  4 20:18:36 studentrd kernel: ACPI: LAPIC (acpi_id[0x40] lapic_id[0x3f] disabled)
Feb  4 20:18:36 studentrd kernel: ACPI: LAPIC (acpi_id[0x41] lapic_id[0x40] disabled)
Feb  4 20:18:36 studentrd kernel: ACPI: LAPIC (acpi_id[0x42] lapic_id[0x41] disabled)
Feb  4 20:18:36 studentrd kernel: ACPI: LAPIC (acpi_id[0x43] lapic_id[0x42] disabled)
Feb  4 20:18:36 studentrd kernel: ACPI: LAPIC (acpi_id[0x44] lapic_id[0x43] disabled)
Feb  4 20:18:36 studentrd kernel: ACPI: LAPIC (acpi_id[0x45] lapic_id[0x44] disabled)
Feb  4 20:18:36 studentrd kernel: ACPI: LAPIC (acpi_id[0x46] lapic_id[0x45] disabled)
Feb  4 20:18:36 studentrd kernel: ACPI: LAPIC (acpi_id[0x47] lapic_id[0x46] disabled)
Feb  4 20:18:36 studentrd kernel: ACPI: LAPIC (acpi_id[0x48] lapic_id[0x47] disabled)
Feb  4 20:18:36 studentrd kernel: ACPI: LAPIC (acpi_id[0x49] lapic_id[0x48] disabled)
Feb  4 20:18:36 studentrd kernel: ACPI: LAPIC (acpi_id[0x4a] lapic_id[0x49] disabled)
Feb  4 20:18:36 studentrd kernel: ACPI: LAPIC (acpi_id[0x4b] lapic_id[0x4a] disabled)
Feb  4 20:18:36 studentrd kernel: ACPI: LAPIC (acpi_id[0x4c] lapic_id[0x4b] disabled)
Feb  4 20:18:36 studentrd kernel: ACPI: LAPIC (acpi_id[0x4d] lapic_id[0x4c] disabled)
Feb  4 20:18:36 studentrd kernel: ACPI: LAPIC (acpi_id[0x4e] lapic_id[0x4d] disabled)
Feb  4 20:18:36 studentrd kernel: ACPI: LAPIC (acpi_id[0x4f] lapic_id[0x4e] disabled)
Feb  4 20:18:36 studentrd kernel: ACPI: LAPIC (acpi_id[0x50] lapic_id[0x4f] disabled)
Feb  4 20:18:36 studentrd kernel: ACPI: LAPIC (acpi_id[0x51] lapic_id[0x50] disabled)
Feb  4 20:18:36 studentrd kernel: ACPI: LAPIC (acpi_id[0x52] lapic_id[0x51] disabled)
Feb  4 20:18:36 studentrd kernel: ACPI: LAPIC (acpi_id[0x53] lapic_id[0x52] disabled)
Feb  4 20:18:36 studentrd kernel: ACPI: LAPIC (acpi_id[0x54] lapic_id[0x53] disabled)
Feb  4 20:18:36 studentrd kernel: ACPI: LAPIC (acpi_id[0x55] lapic_id[0x54] disabled)
Feb  4 20:18:36 studentrd kernel: ACPI: LAPIC (acpi_id[0x56] lapic_id[0x55] disabled)
Feb  4 20:18:36 studentrd kernel: ACPI: LAPIC (acpi_id[0x57] lapic_id[0x56] disabled)
Feb  4 20:18:36 studentrd kernel: ACPI: LAPIC (acpi_id[0x58] lapic_id[0x57] disabled)
Feb  4 20:18:36 studentrd kernel: ACPI: LAPIC (acpi_id[0x59] lapic_id[0x58] disabled)
Feb  4 20:18:36 studentrd kernel: ACPI: LAPIC (acpi_id[0x5a] lapic_id[0x59] disabled)
Feb  4 20:18:36 studentrd kernel: ACPI: LAPIC (acpi_id[0x5b] lapic_id[0x5a] disabled)
Feb  4 20:18:36 studentrd kernel: ACPI: LAPIC (acpi_id[0x5c] lapic_id[0x5b] disabled)
Feb  4 20:18:36 studentrd kernel: ACPI: LAPIC (acpi_id[0x5d] lapic_id[0x5c] disabled)
Feb  4 20:18:36 studentrd kernel: ACPI: LAPIC (acpi_id[0x5e] lapic_id[0x5d] disabled)
